Archive member included to satisfy reference by file (symbol)

/usr/lib/gcc/arm-none-eabi/7.3.1/../../../arm-none-eabi/lib/thumb/v7e-m/fpv4-sp/hard/libc_nano.a(lib_a-atexit.o)
                              /usr/lib/gcc/arm-none-eabi/7.3.1/../../../arm-none-eabi/lib/thumb/v7e-m/fpv4-sp/hard/crt0.o (atexit)
/usr/lib/gcc/arm-none-eabi/7.3.1/../../../arm-none-eabi/lib/thumb/v7e-m/fpv4-sp/hard/libc_nano.a(lib_a-exit.o)
                              /usr/lib/gcc/arm-none-eabi/7.3.1/../../../arm-none-eabi/lib/thumb/v7e-m/fpv4-sp/hard/crt0.o (exit)
/usr/lib/gcc/arm-none-eabi/7.3.1/../../../arm-none-eabi/lib/thumb/v7e-m/fpv4-sp/hard/libc_nano.a(lib_a-fini.o)
                              /usr/lib/gcc/arm-none-eabi/7.3.1/../../../arm-none-eabi/lib/thumb/v7e-m/fpv4-sp/hard/crt0.o (__libc_fini_array)
/usr/lib/gcc/arm-none-eabi/7.3.1/../../../arm-none-eabi/lib/thumb/v7e-m/fpv4-sp/hard/libc_nano.a(lib_a-impure.o)
                              /usr/lib/gcc/arm-none-eabi/7.3.1/../../../arm-none-eabi/lib/thumb/v7e-m/fpv4-sp/hard/libc_nano.a(lib_a-exit.o) (_global_impure_ptr)
/usr/lib/gcc/arm-none-eabi/7.3.1/../../../arm-none-eabi/lib/thumb/v7e-m/fpv4-sp/hard/libc_nano.a(lib_a-init.o)
                              /usr/lib/gcc/arm-none-eabi/7.3.1/../../../arm-none-eabi/lib/thumb/v7e-m/fpv4-sp/hard/crt0.o (__libc_init_array)
/usr/lib/gcc/arm-none-eabi/7.3.1/../../../arm-none-eabi/lib/thumb/v7e-m/fpv4-sp/hard/libc_nano.a(lib_a-memset.o)
                              /usr/lib/gcc/arm-none-eabi/7.3.1/../../../arm-none-eabi/lib/thumb/v7e-m/fpv4-sp/hard/crt0.o (memset)
/usr/lib/gcc/arm-none-eabi/7.3.1/../../../arm-none-eabi/lib/thumb/v7e-m/fpv4-sp/hard/libc_nano.a(lib_a-sprintf.o)
                              build/main.o (sprintf)
/usr/lib/gcc/arm-none-eabi/7.3.1/../../../arm-none-eabi/lib/thumb/v7e-m/fpv4-sp/hard/libc_nano.a(lib_a-__atexit.o)
                              /usr/lib/gcc/arm-none-eabi/7.3.1/../../../arm-none-eabi/lib/thumb/v7e-m/fpv4-sp/hard/libc_nano.a(lib_a-atexit.o) (__register_exitproc)
/usr/lib/gcc/arm-none-eabi/7.3.1/../../../arm-none-eabi/lib/thumb/v7e-m/fpv4-sp/hard/libc_nano.a(lib_a-__call_atexit.o)
                              /usr/lib/gcc/arm-none-eabi/7.3.1/../../../arm-none-eabi/lib/thumb/v7e-m/fpv4-sp/hard/libc_nano.a(lib_a-__atexit.o) (__call_exitprocs)
/usr/lib/gcc/arm-none-eabi/7.3.1/../../../arm-none-eabi/lib/thumb/v7e-m/fpv4-sp/hard/libc_nano.a(lib_a-nano-svfprintf.o)
                              /usr/lib/gcc/arm-none-eabi/7.3.1/../../../arm-none-eabi/lib/thumb/v7e-m/fpv4-sp/hard/libc_nano.a(lib_a-sprintf.o) (_svfprintf_r)
/usr/lib/gcc/arm-none-eabi/7.3.1/../../../arm-none-eabi/lib/thumb/v7e-m/fpv4-sp/hard/libc_nano.a(lib_a-nano-vfprintf_i.o)
                              /usr/lib/gcc/arm-none-eabi/7.3.1/../../../arm-none-eabi/lib/thumb/v7e-m/fpv4-sp/hard/libc_nano.a(lib_a-nano-svfprintf.o) (_printf_i)
/usr/lib/gcc/arm-none-eabi/7.3.1/../../../arm-none-eabi/lib/thumb/v7e-m/fpv4-sp/hard/libc_nano.a(lib_a-memchr.o)
                              /usr/lib/gcc/arm-none-eabi/7.3.1/../../../arm-none-eabi/lib/thumb/v7e-m/fpv4-sp/hard/libc_nano.a(lib_a-nano-svfprintf.o) (memchr)
/usr/lib/gcc/arm-none-eabi/7.3.1/../../../arm-none-eabi/lib/thumb/v7e-m/fpv4-sp/hard/libc_nano.a(lib_a-memcpy.o)
                              /usr/lib/gcc/arm-none-eabi/7.3.1/../../../arm-none-eabi/lib/thumb/v7e-m/fpv4-sp/hard/libc_nano.a(lib_a-nano-svfprintf.o) (memcpy)
/usr/lib/gcc/arm-none-eabi/7.3.1/../../../arm-none-eabi/lib/thumb/v7e-m/fpv4-sp/hard/libc_nano.a(lib_a-memmove.o)
                              /usr/lib/gcc/arm-none-eabi/7.3.1/../../../arm-none-eabi/lib/thumb/v7e-m/fpv4-sp/hard/libc_nano.a(lib_a-nano-svfprintf.o) (memmove)
/usr/lib/gcc/arm-none-eabi/7.3.1/../../../arm-none-eabi/lib/thumb/v7e-m/fpv4-sp/hard/libc_nano.a(lib_a-nano-freer.o)
                              /usr/lib/gcc/arm-none-eabi/7.3.1/../../../arm-none-eabi/lib/thumb/v7e-m/fpv4-sp/hard/libc_nano.a(lib_a-nano-svfprintf.o) (_free_r)
/usr/lib/gcc/arm-none-eabi/7.3.1/../../../arm-none-eabi/lib/thumb/v7e-m/fpv4-sp/hard/libc_nano.a(lib_a-nano-mallocr.o)
                              /usr/lib/gcc/arm-none-eabi/7.3.1/../../../arm-none-eabi/lib/thumb/v7e-m/fpv4-sp/hard/libc_nano.a(lib_a-nano-svfprintf.o) (_malloc_r)
/usr/lib/gcc/arm-none-eabi/7.3.1/../../../arm-none-eabi/lib/thumb/v7e-m/fpv4-sp/hard/libc_nano.a(lib_a-nano-reallocr.o)
                              /usr/lib/gcc/arm-none-eabi/7.3.1/../../../arm-none-eabi/lib/thumb/v7e-m/fpv4-sp/hard/libc_nano.a(lib_a-nano-svfprintf.o) (_realloc_r)
/usr/lib/gcc/arm-none-eabi/7.3.1/../../../arm-none-eabi/lib/thumb/v7e-m/fpv4-sp/hard/libc_nano.a(lib_a-sbrkr.o)
                              /usr/lib/gcc/arm-none-eabi/7.3.1/../../../arm-none-eabi/lib/thumb/v7e-m/fpv4-sp/hard/libc_nano.a(lib_a-nano-mallocr.o) (_sbrk_r)
/usr/lib/gcc/arm-none-eabi/7.3.1/../../../arm-none-eabi/lib/thumb/v7e-m/fpv4-sp/hard/libc_nano.a(lib_a-mlock.o)
[...]
Memory Configuration

Name             Origin             Length             Attributes
RAM              0x0000000020000000 0x0000000000018000 xrw
FLASH            0x0000000008000000 0x0000000000080000 xr
*default*        0x0000000000000000 0xffffffffffffffff

Linker script and memory map

LOAD /usr/lib/gcc/arm-none-eabi/7.3.1/thumb/v7e-m/fpv4-sp/hard/crti.o
LOAD /usr/lib/gcc/arm-none-eabi/7.3.1/thumb/v7e-m/fpv4-sp/hard/crtbegin.o
LOAD /usr/lib/gcc/arm-none-eabi/7.3.1/../../../arm-none-eabi/lib/thumb/v7e-m/fpv4-sp/hard/crt0.o
LOAD build/main.o
LOAD build/stm32f4xx_it.o
LOAD build/stm32f4xx_hal_msp.o
LOAD build/stm32f4xx_hal_tim.o
LOAD build/stm32f4xx_hal_tim_ex.o
LOAD build/stm32f4xx_hal_uart.o
LOAD build/stm32f4xx_hal_rcc.o
LOAD build/stm32f4xx_hal_rcc_ex.o
LOAD build/stm32f4xx_hal_flash.o
LOAD build/stm32f4xx_hal_flash_ex.o
LOAD build/stm32f4xx_hal_flash_ramfunc.o
LOAD build/stm32f4xx_hal_gpio.o
LOAD build/stm32f4xx_hal_dma_ex.o
LOAD build/stm32f4xx_hal_dma.o
LOAD build/stm32f4xx_hal_pwr.o
LOAD build/stm32f4xx_hal_pwr_ex.o
LOAD build/stm32f4xx_hal_cortex.o
LOAD build/stm32f4xx_hal.o
LOAD build/stm32f4xx_hal_exti.o
LOAD build/system_stm32f4xx.o
LOAD build/startup_stm32f401xe.o
LOAD /usr/lib/gcc/arm-none-eabi/7.3.1/../../../arm-none-eabi/lib/thumb/v7e-m/fpv4-sp/hard/libc_nano.a
LOAD /usr/lib/gcc/arm-none-eabi/7.3.1/../../../arm-none-eabi/lib/thumb/v7e-m/fpv4-sp/hard/libm.a
LOAD /usr/lib/gcc/arm-none-eabi/7.3.1/../../../arm-none-eabi/lib/thumb/v7e-m/fpv4-sp/hard/libnosys.a
START GROUP
LOAD /usr/lib/gcc/arm-none-eabi/7.3.1/thumb/v7e-m/fpv4-sp/hard/libgcc.a
LOAD /usr/lib/gcc/arm-none-eabi/7.3.1/../../../arm-none-eabi/lib/thumb/v7e-m/fpv4-sp/hard/libc_nano.a
END GROUP
START GROUP
LOAD /usr/lib/gcc/arm-none-eabi/7.3.1/thumb/v7e-m/fpv4-sp/hard/libgcc.a
LOAD /usr/lib/gcc/arm-none-eabi/7.3.1/../../../arm-none-eabi/lib/thumb/v7e-m/fpv4-sp/hard/libc_nano.a
END GROUP
LOAD /usr/lib/gcc/arm-none-eabi/7.3.1/thumb/v7e-m/fpv4-sp/hard/crtend.o
LOAD /usr/lib/gcc/arm-none-eabi/7.3.1/thumb/v7e-m/fpv4-sp/hard/crtn.o
                0x0000000020018000                _estack = 0x20018000
                0x0000000000000200                _Min_Heap_Size = 0x200
                0x0000000000000400                _Min_Stack_Size = 0x400

.isr_vector     0x0000000008000000      0x194
                0x0000000008000000                . = ALIGN (0x4)
 *(.isr_vector)
 .isr_vector    0x0000000008000000      0x194 build/startup_stm32f401xe.o
                0x0000000008000000                g_pfnVectors
                0x0000000008000194                . = ALIGN (0x4)

.text           0x00000000080001a0     0x3d6c
                0x00000000080001a0                . = ALIGN (0x4)
 *(.text)
 .text          0x00000000080001a0       0x88 /usr/lib/gcc/arm-none-eabi/7.3.1/thumb/v7e-m/fpv4-sp/hard/crtbegin.o
 .text          0x0000000008000228       0x48 /usr/lib/gcc/arm-none-eabi/7.3.1/../../../arm-none-eabi/lib/thumb/v7e-m/fpv4-sp/hard/libc_nano.a(lib_a-init.o)
                0x0000000008000228                __libc_init_array
 .text          0x0000000008000270       0x94 /usr/lib/gcc/arm-none-eabi/7.3.1/../../../arm-none-eabi/lib/thumb/v7e-m/fpv4-sp/hard/libc_nano.a(lib_a-memset.o)
                0x0000000008000270                memset
 .text          0x0000000008000304       0x80 /usr/lib/gcc/arm-none-eabi/7.3.1/../../../arm-none-eabi/lib/thumb/v7e-m/fpv4-sp/hard/libc_nano.a(lib_a-sprintf.o)
                0x0000000008000304                _siprintf_r
                0x0000000008000304                _sprintf_r
                0x0000000008000340                sprintf
                0x0000000008000340                siprintf
 .text          0x0000000008000384      0x430 /usr/lib/gcc/arm-none-eabi/7.3.1/../../../arm-none-eabi/lib/thumb/v7e-m/fpv4-sp/hard/libc_nano.a(lib_a-nano-svfprintf.o)
                0x0000000008000384                __ssputs_r
                0x0000000008000444                __ssprint_r
                0x0000000008000538                _svfprintf_r
                0x0000000008000538                _svfiprintf_r
 .text          0x00000000080007b4      0x3a0 /usr/lib/gcc/arm-none-eabi/7.3.1/../../../arm-none-eabi/lib/thumb/v7e-m/fpv4-sp/hard/libc_nano.a(lib_a-nano-vfprintf_i.o)
                0x00000000080007b4                _printf_common
                0x00000000080008d0                _printf_i
 *fill*         0x0000000008000b54        0xc 
 .text          0x0000000008000b60       0xa0 /usr/lib/gcc/arm-none-eabi/7.3.1/../../../arm-none-eabi/lib/thumb/v7e-m/fpv4-sp/hard/libc_nano.a(lib_a-memchr.o)
                0x0000000008000b60                memchr
 .text          0x0000000008000c00      0x134 /usr/lib/gcc/arm-none-eabi/7.3.1/../../../arm-none-eabi/lib/thumb/v7e-m/fpv4-sp/hard/libc_nano.a(lib_a-memcpy.o)
                0x0000000008000c00                memcpy
 .text          0x0000000008000d34       0xc8 /usr/lib/gcc/arm-none-eabi/7.3.1/../../../arm-none-eabi/lib/thumb/v7e-m/fpv4-sp/hard/libc_nano.a(lib_a-memmove.o)
                0x0000000008000d34                memmove
 .text          0x0000000008000dfc       0xa8 /usr/lib/gcc/arm-none-eabi/7.3.1/../../../arm-none-eabi/lib/thumb/v7e-m/fpv4-sp/hard/libc_nano.a(lib_a-nano-freer.o)
                0x0000000008000dfc                _free_r
 .text          0x0000000008000ea4       0xc8 /usr/lib/gcc/arm-none-eabi/7.3.1/../../../arm-none-eabi/lib/thumb/v7e-m/fpv4-sp/hard/libc_nano.a(lib_a-nano-mallocr.o)
                0x0000000008000ea4                _malloc_r
 .text          0x0000000008000f6c       0x4c /usr/lib/gcc/arm-none-eabi/7.3.1/../../../arm-none-eabi/lib/thumb/v7e-m/fpv4-sp/hard/libc_nano.a(lib_a-nano-reallocr.o)
                0x0000000008000f6c                _realloc_r
 .text          0x0000000008000fb8       0x24 /usr/lib/gcc/arm-none-eabi/7.3.1/../../../arm-none-eabi/lib/thumb/v7e-m/fpv4-sp/hard/libc_nano.a(lib_a-sbrkr.o)
                0x0000000008000fb8                _sbrk_r
 .text          0x0000000008000fdc        0x8 /usr/lib/gcc/arm-none-eabi/7.3.1/../../../arm-none-eabi/lib/thumb/v7e-m/fpv4-sp/hard/libc_nano.a(lib_a-mlock.o)
                0x0000000008000fdc                __malloc_lock
                0x0000000008000fe0                __malloc_unlock
 .text          0x0000000008000fe4       0x10 /usr/lib/gcc/arm-none-eabi/7.3.1/../../../arm-none-eabi/lib/thumb/v7e-m/fpv4-sp/hard/libc_nano.a(lib_a-nano-msizer.o)
                0x0000000008000fe4                _malloc_usable_size_r
 .text          0x0000000008000ff4       0x90 /usr/lib/gcc/arm-none-eabi/7.3.1/../../../arm-none-eabi/lib/thumb/v7e-m/fpv4-sp/hard/libm.a(lib_a-sf_cos.o)
                0x0000000008000ff4                cosf
 .text          0x0000000008001084       0x94 /usr/lib/gcc/arm-none-eabi/7.3.1/../../../arm-none-eabi/lib/thumb/v7e-m/fpv4-sp/hard/libm.a(lib_a-sf_sin.o)
                0x0000000008001084                sinf
 .text          0x0000000008001118      0x100 /usr/lib/gcc/arm-none-eabi/7.3.1/../../../arm-none-eabi/lib/thumb/v7e-m/fpv4-sp/hard/libm.a(lib_a-w_exp.o)
                0x0000000008001118                exp
 .text          0x0000000008001218      0x31c /usr/lib/gcc/arm-none-eabi/7.3.1/../../../arm-none-eabi/lib/thumb/v7e-m/fpv4-sp/hard/libm.a(lib_a-e_exp.o)
                0x0000000008001218                __ieee754_exp
 .text          0x0000000008001534      0x298 /usr/lib/gcc/arm-none-eabi/7.3.1/../../../arm-none-eabi/lib/thumb/v7e-m/fpv4-sp/hard/libm.a(lib_a-ef_rem_pio2.o)
                0x0000000008001534                __ieee754_rem_pio2f
 .text          0x00000000080017cc      0x104 /usr/lib/gcc/arm-none-eabi/7.3.1/../../../arm-none-eabi/lib/thumb/v7e-m/fpv4-sp/hard/libm.a(lib_a-kf_cos.o)
                0x00000000080017cc                __kernel_cosf
 .text          0x00000000080018d0      0x650 /usr/lib/gcc/arm-none-eabi/7.3.1/../../../arm-none-eabi/lib/thumb/v7e-m/fpv4-sp/hard/libm.a(lib_a-kf_rem_pio2.o)
                0x00000000080018d0                __kernel_rem_pio2f
 .text          0x0000000008001f20       0x90 /usr/lib/gcc/arm-none-eabi/7.3.1/../../../arm-none-eabi/lib/thumb/v7e-m/fpv4-sp/hard/libm.a(lib_a-kf_sin.o)
                0x0000000008001f20                __kernel_sinf
 .text          0x0000000008001fb0       0x10 /usr/lib/gcc/arm-none-eabi/7.3.1/../../../arm-none-eabi/lib/thumb/v7e-m/fpv4-sp/hard/libm.a(lib_a-s_finite.o)
                0x0000000008001fb0                finite
 .text          0x0000000008001fc0        0x4 /usr/lib/gcc/arm-none-eabi/7.3.1/../../../arm-none-eabi/lib/thumb/v7e-m/fpv4-sp/hard/libm.a(lib_a-s_matherr.o)
                0x0000000008001fc0                matherr
 .text          0x0000000008001fc4       0x10 /usr/lib/gcc/arm-none-eabi/7.3.1/../../../arm-none-eabi/lib/thumb/v7e-m/fpv4-sp/hard/libm.a(lib_a-sf_fabs.o)
                0x0000000008001fc4                fabsf
 .text          0x0000000008001fd4       0x8c /usr/lib/gcc/arm-none-eabi/7.3.1/../../../arm-none-eabi/lib/thumb/v7e-m/fpv4-sp/hard/libm.a(lib_a-sf_floor.o)
                0x0000000008001fd4                floorf
 .text          0x0000000008002060       0xdc /usr/lib/gcc/arm-none-eabi/7.3.1/../../../arm-none-eabi/lib/thumb/v7e-m/fpv4-sp/hard/libm.a(lib_a-sf_scalbn.o)
                0x0000000008002060                scalbnf
 .text          0x000000000800213c       0x1c /usr/lib/gcc/arm-none-eabi/7.3.1/../../../arm-none-eabi/lib/thumb/v7e-m/fpv4-sp/hard/libnosys.a(sbrk.o)
                0x000000000800213c                _sbrk
 .text          0x0000000008002158      0x378 /usr/lib/gcc/arm-none-eabi/7.3.1/thumb/v7e-m/fpv4-sp/hard/libgcc.a(_arm_addsubdf3.o)
                0x0000000008002158                __aeabi_drsub
                0x0000000008002160                __aeabi_dsub
                0x0000000008002160                __subdf3
                0x0000000008002164                __adddf3
                0x0000000008002164                __aeabi_dadd
                0x00000000080023dc                __aeabi_ui2d
                0x00000000080023dc                __floatunsidf
                0x00000000080023fc                __floatsidf
                0x00000000080023fc                __aeabi_i2d
                0x0000000008002420                __extendsfdf2
                0x0000000008002420                __aeabi_f2d
                0x0000000008002464                __aeabi_ul2d
                0x0000000008002464                __floatundidf
                0x0000000008002474                __floatdidf
                0x0000000008002474                __aeabi_l2d
 .text          0x00000000080024d0      0x424 /usr/lib/gcc/arm-none-eabi/7.3.1/thumb/v7e-m/fpv4-sp/hard/libgcc.a(_arm_muldivdf3.o)
                0x00000000080024d0                __aeabi_dmul
                0x00000000080024d0                __muldf3
                0x0000000008002724                __aeabi_ddiv
                0x0000000008002724                __divdf3
 .text          0x00000000080028f4      0x110 /usr/lib/gcc/arm-none-eabi/7.3.1/thumb/v7e-m/fpv4-sp/hard/libgcc.a(_arm_cmpdf2.o)
                0x00000000080028f4                __gtdf2
                0x00000000080028f4                __gedf2
                0x00000000080028fc                __ltdf2
                0x00000000080028fc                __ledf2
                0x0000000008002904                __cmpdf2
                0x0000000008002904                __eqdf2
                0x0000000008002904                __nedf2
                0x0000000008002980                __aeabi_cdrcmple
                0x0000000008002990                __aeabi_cdcmple
                0x0000000008002990                __aeabi_cdcmpeq
                0x00000000080029a0                __aeabi_dcmpeq
                0x00000000080029b4                __aeabi_dcmplt
                0x00000000080029c8                __aeabi_dcmple
                0x00000000080029dc                __aeabi_dcmpge
                0x00000000080029f0                __aeabi_dcmpgt
 .text          0x0000000008002a04       0x50 /usr/lib/gcc/arm-none-eabi/7.3.1/thumb/v7e-m/fpv4-sp/hard/libgcc.a(_arm_fixdfsi.o)
                0x0000000008002a04                __fixdfsi
                0x0000000008002a04                __aeabi_d2iz
 .text          0x0000000008002a54       0xa0 /usr/lib/gcc/arm-none-eabi/7.3.1/thumb/v7e-m/fpv4-sp/hard/libgcc.a(_arm_truncdfsf2.o)
                0x0000000008002a54                __aeabi_d2f
                0x0000000008002a54                __truncdfsf2
 .text          0x0000000008002af4       0x30 /usr/lib/gcc/arm-none-eabi/7.3.1/thumb/v7e-m/fpv4-sp/hard/libgcc.a(_aeabi_uldivmod.o)
                0x0000000008002af4                __aeabi_uldivmod
 .text          0x0000000008002b24      0x2cc /usr/lib/gcc/arm-none-eabi/7.3.1/thumb/v7e-m/fpv4-sp/hard/libgcc.a(_udivmoddi4.o)
                0x0000000008002b24                __udivmoddi4
 .text          0x0000000008002df0        0x4 /usr/lib/gcc/arm-none-eabi/7.3.1/thumb/v7e-m/fpv4-sp/hard/libgcc.a(_dvmd_tls.o)
                0x0000000008002df0                __aeabi_ldiv0
                0x0000000008002df0                __aeabi_idiv0
 .text          0x0000000008002df4        0xc /usr/lib/gcc/arm-none-eabi/7.3.1/../../../arm-none-eabi/lib/thumb/v7e-m/fpv4-sp/hard/libc_nano.a(lib_a-errno.o)
                0x0000000008002df4                __errno
 *(.text*)
 .text.MX_GPIO_Init
                0x0000000008002e00       0xac build/main.o
 .text.MX_USART2_UART_Init
                0x0000000008002eac       0x2c build/main.o
 .text.SystemClock_Config
                0x0000000008002ed8       0x94 build/main.o
                0x0000000008002ed8                SystemClock_Config
 .text.transmetFlottant
                0x0000000008002f6c       0x40 build/main.o
                0x0000000008002f6c                transmetFlottant
 .text.transmetTrame
                0x0000000008002fac       0x38 build/main.o
                0x0000000008002fac                transmetTrame
 .text.main     0x0000000008002fe4       0x7c build/main.o
                0x0000000008002fe4                main
 .text.NMI_Handler
                0x0000000008003060        0x2 build/stm32f4xx_it.o
                0x0000000008003060                NMI_Handler
 .text.HardFault_Handler
                0x0000000008003062        0x2 build/stm32f4xx_it.o
                0x0000000008003062                HardFault_Handler
 .text.MemManage_Handler
                0x0000000008003064        0x2 build/stm32f4xx_it.o
                0x0000000008003064                MemManage_Handler
 .text.BusFault_Handler
                0x0000000008003066        0x2 build/stm32f4xx_it.o
                0x0000000008003066                BusFault_Handler
 .text.UsageFault_Handler
                0x0000000008003068        0x2 build/stm32f4xx_it.o
                0x0000000008003068                UsageFault_Handler
 .text.SVC_Handler
                0x000000000800306a        0x2 build/stm32f4xx_it.o
                0x000000000800306a                SVC_Handler
 .text.DebugMon_Handler
                0x000000000800306c        0x2 build/stm32f4xx_it.o
                0x000000000800306c                DebugMon_Handler
 .text.PendSV_Handler
                0x000000000800306e        0x2 build/stm32f4xx_it.o
                0x000000000800306e                PendSV_Handler
 .text.SysTick_Handler
                0x0000000008003070        0x8 build/stm32f4xx_it.o
                0x0000000008003070                SysTick_Handler
 .text.HAL_MspInit
                0x0000000008003078       0x40 build/stm32f4xx_hal_msp.o
                0x0000000008003078                HAL_MspInit
 .text.HAL_UART_MspInit
                0x00000000080030b8       0x6c build/stm32f4xx_hal_msp.o
                0x00000000080030b8                HAL_UART_MspInit
 .text.UART_SetConfig
                0x0000000008003124      0x218 build/stm32f4xx_hal_uart.o
 .text.UART_WaitOnFlagUntilTimeout
                0x000000000800333c       0x62 build/stm32f4xx_hal_uart.o
 .text.HAL_UART_Init
                0x000000000800339e       0x5e build/stm32f4xx_hal_uart.o
                0x000000000800339e                HAL_UART_Init
 .text.HAL_UART_Transmit
                0x00000000080033fc       0xe2 build/stm32f4xx_hal_uart.o
                0x00000000080033fc                HAL_UART_Transmit
 *fill*         0x00000000080034de        0x2 
 .text.HAL_RCC_OscConfig
                0x00000000080034e0      0x3ec build/stm32f4xx_hal_rcc.o
                0x00000000080034e0                HAL_RCC_OscConfig
 .text.HAL_RCC_GetSysClockFreq
                0x00000000080038cc       0xd8 build/stm32f4xx_hal_rcc.o
                0x00000000080038cc                HAL_RCC_GetSysClockFreq
 .text.HAL_RCC_ClockConfig
                0x00000000080039a4      0x160 build/stm32f4xx_hal_rcc.o
                0x00000000080039a4                HAL_RCC_ClockConfig
 .text.HAL_RCC_GetHCLKFreq
                0x0000000008003b04        0xc build/stm32f4xx_hal_rcc.o
                0x0000000008003b04                HAL_RCC_GetHCLKFreq
 .text.HAL_RCC_GetPCLK1Freq
                0x0000000008003b10       0x20 build/stm32f4xx_hal_rcc.o
                0x0000000008003b10                HAL_RCC_GetPCLK1Freq
 .text.HAL_RCC_GetPCLK2Freq
                0x0000000008003b30       0x20 build/stm32f4xx_hal_rcc.o
                0x0000000008003b30                HAL_RCC_GetPCLK2Freq
 .text.HAL_GPIO_Init
                0x0000000008003b50      0x1a4 build/stm32f4xx_hal_gpio.o
                0x0000000008003b50                HAL_GPIO_Init
 .text.HAL_GPIO_WritePin
                0x0000000008003cf4        0xc build/stm32f4xx_hal_gpio.o
                0x0000000008003cf4                HAL_GPIO_WritePin
 .text.HAL_NVIC_SetPriorityGrouping
                0x0000000008003d00       0x24 build/stm32f4xx_hal_cortex.o
                0x0000000008003d00                HAL_NVIC_SetPriorityGrouping
 .text.HAL_NVIC_SetPriority
                0x0000000008003d24       0x68 build/stm32f4xx_hal_cortex.o
                0x0000000008003d24                HAL_NVIC_SetPriority
 .text.HAL_SYSTICK_Config
                0x0000000008003d8c       0x2c build/stm32f4xx_hal_cortex.o
                0x0000000008003d8c                HAL_SYSTICK_Config
 .text.HAL_InitTick
                0x0000000008003db8       0x4c build/stm32f4xx_hal.o
                0x0000000008003db8                HAL_InitTick
 .text.HAL_Init
                0x0000000008003e04       0x34 build/stm32f4xx_hal.o
                0x0000000008003e04                HAL_Init
 .text.HAL_IncTick
                0x0000000008003e38       0x18 build/stm32f4xx_hal.o
                0x0000000008003e38                HAL_IncTick
 .text.HAL_GetTick
                0x0000000008003e50        0xc build/stm32f4xx_hal.o
                0x0000000008003e50                HAL_GetTick
 .text.HAL_Delay
                0x0000000008003e5c       0x28 build/stm32f4xx_hal.o
                0x0000000008003e5c                HAL_Delay
 .text.SystemInit
                0x0000000008003e84       0x1c build/system_stm32f4xx.o
                0x0000000008003e84                SystemInit
 .text.Reset_Handler
                0x0000000008003ea0       0x50 build/startup_stm32f401xe.o
                0x0000000008003ea0                Reset_Handler
 .text.Default_Handler
                0x0000000008003ef0        0x2 build/startup_stm32f401xe.o
                0x0000000008003ef0                RTC_Alarm_IRQHandler
                0x0000000008003ef0                EXTI2_IRQHandler
                0x0000000008003ef0                SPI4_IRQHandler
                0x0000000008003ef0                TIM1_CC_IRQHandler
                0x0000000008003ef0                DMA2_Stream5_IRQHandler
                0x0000000008003ef0                DMA1_Stream5_IRQHandler
                0x0000000008003ef0                PVD_IRQHandler
                0x0000000008003ef0                SDIO_IRQHandler
                0x0000000008003ef0                TAMP_STAMP_IRQHandler
                0x0000000008003ef0                EXTI3_IRQHandler
                0x0000000008003ef0                TIM1_UP_TIM10_IRQHandler
                0x0000000008003ef0                I2C3_ER_IRQHandler
                0x0000000008003ef0                EXTI0_IRQHandler
                0x0000000008003ef0                I2C2_EV_IRQHandler
                0x0000000008003ef0                DMA1_Stream2_IRQHandler
                0x0000000008003ef0                FPU_IRQHandler
                0x0000000008003ef0                DMA2_Stream2_IRQHandler
                0x0000000008003ef0                SPI1_IRQHandler
                0x0000000008003ef0                TIM1_BRK_TIM9_IRQHandler
                0x0000000008003ef0                DMA2_Stream3_IRQHandler
                0x0000000008003ef0                USART6_IRQHandler
                0x0000000008003ef0                DMA2_Stream0_IRQHandler
                0x0000000008003ef0                TIM4_IRQHandler
                0x0000000008003ef0                I2C1_EV_IRQHandler
                0x0000000008003ef0                DMA1_Stream6_IRQHandler
                0x0000000008003ef0                DMA1_Stream1_IRQHandler
                0x0000000008003ef0                TIM3_IRQHandler
                0x0000000008003ef0                RCC_IRQHandler
                0x0000000008003ef0                Default_Handler
                0x0000000008003ef0                EXTI15_10_IRQHandler
                0x0000000008003ef0                ADC_IRQHandler
                0x0000000008003ef0                DMA1_Stream7_IRQHandler
                0x0000000008003ef0                TIM5_IRQHandler
                0x0000000008003ef0                DMA2_Stream7_IRQHandler
                0x0000000008003ef0                I2C3_EV_IRQHandler
                0x0000000008003ef0                EXTI9_5_IRQHandler
                0x0000000008003ef0                RTC_WKUP_IRQHandler
                0x0000000008003ef0                SPI2_IRQHandler
                0x0000000008003ef0                DMA1_Stream0_IRQHandler
                0x0000000008003ef0                EXTI4_IRQHandler
                0x0000000008003ef0                WWDG_IRQHandler
                0x0000000008003ef0                TIM2_IRQHandler
                0x0000000008003ef0                OTG_FS_WKUP_IRQHandler
                0x0000000008003ef0                TIM1_TRG_COM_TIM11_IRQHandler
                0x0000000008003ef0                EXTI1_IRQHandler
                0x0000000008003ef0                USART2_IRQHandler
                0x0000000008003ef0                I2C2_ER_IRQHandler
                0x0000000008003ef0                DMA2_Stream1_IRQHandler
                0x0000000008003ef0                FLASH_IRQHandler
                0x0000000008003ef0                DMA2_Stream4_IRQHandler
                0x0000000008003ef0                USART1_IRQHandler
                0x0000000008003ef0                OTG_FS_IRQHandler
                0x0000000008003ef0                SPI3_IRQHandler
                0x0000000008003ef0                DMA1_Stream4_IRQHandler
                0x0000000008003ef0                I2C1_ER_IRQHandler
                0x0000000008003ef0                DMA2_Stream6_IRQHandler
                0x0000000008003ef0                DMA1_Stream3_IRQHandler
 *(.glue_7)
 .glue_7        0x0000000008003ef2        0x0 linker stubs
 *(.glue_7t)
 .glue_7t       0x0000000008003ef2        0x0 linker stubs
 *(.eh_frame)
 *fill*         0x0000000008003ef2        0x2 
 .eh_frame      0x0000000008003ef4        0x0 /usr/lib/gcc/arm-none-eabi/7.3.1/thumb/v7e-m/fpv4-sp/hard/crtbegin.o
 *(.init)
 .init          0x0000000008003ef4        0x4 /usr/lib/gcc/arm-none-eabi/7.3.1/thumb/v7e-m/fpv4-sp/hard/crti.o
                0x0000000008003ef4                _init
 .init          0x0000000008003ef8        0x8 /usr/lib/gcc/arm-none-eabi/7.3.1/thumb/v7e-m/fpv4-sp/hard/crtn.o
 *(.fini)
 .fini          0x0000000008003f00        0x4 /usr/lib/gcc/arm-none-eabi/7.3.1/thumb/v7e-m/fpv4-sp/hard/crti.o
                0x0000000008003f00                _fini
 .fini          0x0000000008003f04        0x8 /usr/lib/gcc/arm-none-eabi/7.3.1/thumb/v7e-m/fpv4-sp/hard/crtn.o
                0x0000000008003f0c                . = ALIGN (0x4)
                0x0000000008003f0c                _etext = .

.vfp11_veneer   0x0000000008003f0c        0x0
 .vfp11_veneer  0x0000000008003f0c        0x0 linker stubs

.v4_bx          0x0000000008003f0c        0x0
 .v4_bx         0x0000000008003f0c        0x0 linker stubs

.iplt           0x0000000008003f0c        0x0
 .iplt          0x0000000008003f0c        0x0 /usr/lib/gcc/arm-none-eabi/7.3.1/thumb/v7e-m/fpv4-sp/hard/crtbegin.o

.rodata         0x0000000008003f10      0x46c
                0x0000000008003f10                . = ALIGN (0x4)
 *(.rodata)
 .rodata        0x0000000008003f10       0x30 /usr/lib/gcc/arm-none-eabi/7.3.1/../../../arm-none-eabi/lib/thumb/v7e-m/fpv4-sp/hard/libm.a(lib_a-e_exp.o)
 .rodata        0x0000000008003f40      0x398 /usr/lib/gcc/arm-none-eabi/7.3.1/../../../arm-none-eabi/lib/thumb/v7e-m/fpv4-sp/hard/libm.a(lib_a-ef_rem_pio2.o)
 .rodata        0x00000000080042d8       0x38 /usr/lib/gcc/arm-none-eabi/7.3.1/../../../arm-none-eabi/lib/thumb/v7e-m/fpv4-sp/hard/libm.a(lib_a-kf_rem_pio2.o)
 *(.rodata*)
 .rodata.transmetFlottant.str1.4
                0x0000000008004310       0x11 build/main.o
 *fill*         0x0000000008004321        0x3 
 .rodata.AHBPrescTable
                0x0000000008004324       0x10 build/system_stm32f4xx.o
                0x0000000008004324                AHBPrescTable
 .rodata.APBPrescTable
                0x0000000008004334        0x8 build/system_stm32f4xx.o
                0x0000000008004334                APBPrescTable
 .rodata.str1.4
                0x000000000800433c       0x13 /usr/lib/gcc/arm-none-eabi/7.3.1/../../../arm-none-eabi/lib/thumb/v7e-m/fpv4-sp/hard/libc_nano.a(lib_a-nano-svfprintf.o)
 *fill*         0x000000000800434f        0x1 
 .rodata.str1.4
                0x0000000008004350       0x25 /usr/lib/gcc/arm-none-eabi/7.3.1/../../../arm-none-eabi/lib/thumb/v7e-m/fpv4-sp/hard/libc_nano.a(lib_a-nano-vfprintf_i.o)
 *fill*         0x0000000008004375        0x3 
 .rodata.str1.4
                0x0000000008004378        0x4 /usr/lib/gcc/arm-none-eabi/7.3.1/../../../arm-none-eabi/lib/thumb/v7e-m/fpv4-sp/hard/libm.a(lib_a-w_exp.o)
                0x000000000800437c                . = ALIGN (0x4)

.ARM.extab
 *(.ARM.extab* .gnu.linkonce.armextab.*)

.ARM            0x000000000800437c        0x8
                0x000000000800437c                __exidx_start = .
 *(.ARM.exidx*)
 .ARM.exidx     0x000000000800437c        0x8 /usr/lib/gcc/arm-none-eabi/7.3.1/thumb/v7e-m/fpv4-sp/hard/libgcc.a(_udivmoddi4.o)
                0x0000000008004384                __exidx_end = .

.rel.dyn        0x0000000008004384        0x0
 .rel.iplt      0x0000000008004384        0x0 /usr/lib/gcc/arm-none-eabi/7.3.1/thumb/v7e-m/fpv4-sp/hard/crtbegin.o

.preinit_array  0x0000000008004384        0x0
                0x0000000008004384                PROVIDE (__preinit_array_start = .)
 *(.preinit_array*)
                0x0000000008004384                PROVIDE (__preinit_array_end = .)

.init_array     0x0000000008004384        0x4
                0x0000000008004384                PROVIDE (__init_array_start = .)
 *(SORT_BY_NAME(.init_array.*))
 *(.init_array*)
 .init_array    0x0000000008004384        0x4 /usr/lib/gcc/arm-none-eabi/7.3.1/thumb/v7e-m/fpv4-sp/hard/crtbegin.o
                0x0000000008004388                PROVIDE (__init_array_end = .)

.fini_array     0x0000000008004388        0x4
                0x0000000008004388                PROVIDE (__fini_array_start = .)
 *(SORT_BY_NAME(.fini_array.*))
 *(.fini_array*)
 .fini_array    0x0000000008004388        0x4 /usr/lib/gcc/arm-none-eabi/7.3.1/thumb/v7e-m/fpv4-sp/hard/crtbegin.o
                0x000000000800438c                PROVIDE (__fini_array_end = .)
                0x000000000800438c                _sidata = LOADADDR (.data)

.data           0x0000000020000000       0x70 load address 0x000000000800438c
                0x0000000020000000                . = ALIGN (0x4)
                0x0000000020000000                _sdata = .
 *(.data)
 .data          0x0000000020000000       0x64 /usr/lib/gcc/arm-none-eabi/7.3.1/../../../arm-none-eabi/lib/thumb/v7e-m/fpv4-sp/hard/libc_nano.a(lib_a-impure.o)
                0x0000000020000000                _impure_ptr
 .data          0x0000000020000064        0x1 /usr/lib/gcc/arm-none-eabi/7.3.1/../../../arm-none-eabi/lib/thumb/v7e-m/fpv4-sp/hard/libm.a(lib_a-s_lib_ver.o)
                0x0000000020000064                __fdlib_version
 *(.data*)
 .data.uwTickFreq
                0x0000000020000065        0x1 build/stm32f4xx_hal.o
                0x0000000020000065                uwTickFreq
 *fill*         0x0000000020000066        0x2 
 .data.uwTickPrio
                0x0000000020000068        0x4 build/stm32f4xx_hal.o
                0x0000000020000068                uwTickPrio
 .data.SystemCoreClock
                0x000000002000006c        0x4 build/system_stm32f4xx.o
                0x000000002000006c                SystemCoreClock
                0x0000000020000070                . = ALIGN (0x4)
                0x0000000020000070                _edata = .

.tm_clone_table
                0x0000000020000070        0x0 load address 0x00000000080043fc
 .tm_clone_table
                0x0000000020000070        0x0 /usr/lib/gcc/arm-none-eabi/7.3.1/thumb/v7e-m/fpv4-sp/hard/crtbegin.o
 .tm_clone_table
                0x0000000020000070        0x0 /usr/lib/gcc/arm-none-eabi/7.3.1/thumb/v7e-m/fpv4-sp/hard/crtend.o

.igot.plt       0x0000000020000070        0x0 load address 0x00000000080043fc
 .igot.plt      0x0000000020000070        0x0 /usr/lib/gcc/arm-none-eabi/7.3.1/thumb/v7e-m/fpv4-sp/hard/crtbegin.o
                0x0000000020000070                . = ALIGN (0x4)

.bss            0x0000000020000070       0x70 load address 0x00000000080043fc
                0x0000000020000070                _sbss = .
                0x0000000020000070                __bss_start__ = _sbss
 *(.bss)
 .bss           0x0000000020000070       0x1c /usr/lib/gcc/arm-none-eabi/7.3.1/thumb/v7e-m/fpv4-sp/hard/crtbegin.o
 .bss           0x000000002000008c        0x8 /usr/lib/gcc/arm-none-eabi/7.3.1/../../../arm-none-eabi/lib/thumb/v7e-m/fpv4-sp/hard/libc_nano.a(lib_a-nano-mallocr.o)
                0x000000002000008c                __malloc_free_list
                0x0000000020000090                __malloc_sbrk_start
 .bss           0x0000000020000094        0x4 /usr/lib/gcc/arm-none-eabi/7.3.1/../../../arm-none-eabi/lib/thumb/v7e-m/fpv4-sp/hard/libnosys.a(sbrk.o)
 *(.bss*)
 *(COMMON)
 COMMON         0x0000000020000098       0x40 build/main.o
                0x0000000020000098                huart2
 COMMON         0x00000000200000d8        0x4 build/stm32f4xx_hal.o
                0x00000000200000d8                uwTick
 COMMON         0x00000000200000dc        0x4 /usr/lib/gcc/arm-none-eabi/7.3.1/../../../arm-none-eabi/lib/thumb/v7e-m/fpv4-sp/hard/libc_nano.a(lib_a-reent.o)
                0x00000000200000dc                errno
                0x00000000200000e0                . = ALIGN (0x4)
                0x00000000200000e0                _ebss = .
                0x00000000200000e0                __bss_end__ = _ebss

._user_heap_stack
                0x00000000200000e0      0x600 load address 0x00000000080043fc
                0x00000000200000e0                . = ALIGN (0x8)
                0x00000000200000e0                PROVIDE (end = .)
                [!provide]                        PROVIDE (_end = .)
                0x00000000200002e0                . = (. + _Min_Heap_Size)
 *fill*         0x00000000200000e0      0x200 
                0x00000000200006e0                . = (. + _Min_Stack_Size)
 *fill*         0x00000000200002e0      0x400 
                0x00000000200006e0                . = ALIGN (0x8)

/DISCARD/
 libc.a(*)
 libm.a(*)
 libgcc.a(*)

.ARM.attributes
                0x0000000000000000       0x30
 *(.ARM.attributes)
 .ARM.attributes
                0x0000000000000000       0x22 /usr/lib/gcc/arm-none-eabi/7.3.1/thumb/v7e-m/fpv4-sp/hard/crti.o
 .ARM.attributes
                0x0000000000000022       0x34 /usr/lib/gcc/arm-none-eabi/7.3.1/thumb/v7e-m/fpv4-sp/hard/crtbegin.o
 .ARM.attributes
                0x0000000000000056       0x39 build/main.o
 .ARM.attributes
                0x000000000000008f       0x39 build/stm32f4xx_it.o
 .ARM.attributes
                0x00000000000000c8       0x39 build/stm32f4xx_hal_msp.o
 .ARM.attributes
                0x0000000000000101       0x39 build/stm32f4xx_hal_uart.o
 .ARM.attributes
                0x000000000000013a       0x39 build/stm32f4xx_hal_rcc.o
 .ARM.attributes
                0x0000000000000173       0x39 build/stm32f4xx_hal_gpio.o
 .ARM.attributes
                0x00000000000001ac       0x39 build/stm32f4xx_hal_cortex.o
 .ARM.attributes
                0x00000000000001e5       0x39 build/stm32f4xx_hal.o
 .ARM.attributes
                0x000000000000021e       0x39 build/system_stm32f4xx.o
 .ARM.attributes
                0x0000000000000257       0x21 build/startup_stm32f401xe.o
 .ARM.attributes
                0x0000000000000278       0x34 /usr/lib/gcc/arm-none-eabi/7.3.1/../../../arm-none-eabi/lib/thumb/v7e-m/fpv4-sp/hard/libc_nano.a(lib_a-impure.o)
 .ARM.attributes
                0x00000000000002ac       0x34 /usr/lib/gcc/arm-none-eabi/7.3.1/../../../arm-none-eabi/lib/thumb/v7e-m/fpv4-sp/hard/libc_nano.a(lib_a-init.o)
 .ARM.attributes
                0x00000000000002e0       0x34 /usr/lib/gcc/arm-none-eabi/7.3.1/../../../arm-none-eabi/lib/thumb/v7e-m/fpv4-sp/hard/libc_nano.a(lib_a-memset.o)
 .ARM.attributes
                0x0000000000000314       0x34 /usr/lib/gcc/arm-none-eabi/7.3.1/../../../arm-none-eabi/lib/thumb/v7e-m/fpv4-sp/hard/libc_nano.a(lib_a-sprintf.o)
 .ARM.attributes
                0x0000000000000348       0x34 /usr/lib/gcc/arm-none-eabi/7.3.1/../../../arm-none-eabi/lib/thumb/v7e-m/fpv4-sp/hard/libc_nano.a(lib_a-nano-svfprintf.o)
 .ARM.attributes
                0x000000000000037c       0x34 /usr/lib/gcc/arm-none-eabi/7.3.1/../../../arm-none-eabi/lib/thumb/v7e-m/fpv4-sp/hard/libc_nano.a(lib_a-nano-vfprintf_i.o)
 .ARM.attributes
                0x00000000000003b0       0x20 /usr/lib/gcc/arm-none-eabi/7.3.1/../../../arm-none-eabi/lib/thumb/v7e-m/fpv4-sp/hard/libc_nano.a(lib_a-memchr.o)
 .ARM.attributes
                0x00000000000003d0       0x20 /usr/lib/gcc/arm-none-eabi/7.3.1/../../../arm-none-eabi/lib/thumb/v7e-m/fpv4-sp/hard/libc_nano.a(lib_a-memcpy.o)
 .ARM.attributes
                0x00000000000003f0       0x34 /usr/lib/gcc/arm-none-eabi/7.3.1/../../../arm-none-eabi/lib/thumb/v7e-m/fpv4-sp/hard/libc_nano.a(lib_a-memmove.o)
 .ARM.attributes
                0x0000000000000424       0x34 /usr/lib/gcc/arm-none-eabi/7.3.1/../../../arm-none-eabi/lib/thumb/v7e-m/fpv4-sp/hard/libc_nano.a(lib_a-nano-freer.o)
 .ARM.attributes
                0x0000000000000458       0x34 /usr/lib/gcc/arm-none-eabi/7.3.1/../../../arm-none-eabi/lib/thumb/v7e-m/fpv4-sp/hard/libc_nano.a(lib_a-nano-mallocr.o)
 .ARM.attributes
                0x000000000000048c       0x34 /usr/lib/gcc/arm-none-eabi/7.3.1/../../../arm-none-eabi/lib/thumb/v7e-m/fpv4-sp/hard/libc_nano.a(lib_a-nano-reallocr.o)
 .ARM.attributes
                0x00000000000004c0       0x34 /usr/lib/gcc/arm-none-eabi/7.3.1/../../../arm-none-eabi/lib/thumb/v7e-m/fpv4-sp/hard/libc_nano.a(lib_a-sbrkr.o)
 .ARM.attributes
                0x00000000000004f4       0x34 /usr/lib/gcc/arm-none-eabi/7.3.1/../../../arm-none-eabi/lib/thumb/v7e-m/fpv4-sp/hard/libc_nano.a(lib_a-mlock.o)
 .ARM.attributes
                0x0000000000000528       0x34 /usr/lib/gcc/arm-none-eabi/7.3.1/../../../arm-none-eabi/lib/thumb/v7e-m/fpv4-sp/hard/libc_nano.a(lib_a-nano-msizer.o)
 .ARM.attributes
                0x000000000000055c       0x34 /usr/lib/gcc/arm-none-eabi/7.3.1/../../../arm-none-eabi/lib/thumb/v7e-m/fpv4-sp/hard/libc_nano.a(lib_a-reent.o)
 .ARM.attributes
                0x0000000000000590       0x34 /usr/lib/gcc/arm-none-eabi/7.3.1/../../../arm-none-eabi/lib/thumb/v7e-m/fpv4-sp/hard/libm.a(lib_a-sf_cos.o)
 .ARM.attributes
                0x00000000000005c4       0x34 /usr/lib/gcc/arm-none-eabi/7.3.1/../../../arm-none-eabi/lib/thumb/v7e-m/fpv4-sp/hard/libm.a(lib_a-sf_sin.o)
 .ARM.attributes
                0x00000000000005f8       0x34 /usr/lib/gcc/arm-none-eabi/7.3.1/../../../arm-none-eabi/lib/thumb/v7e-m/fpv4-sp/hard/libm.a(lib_a-w_exp.o)
 .ARM.attributes
                0x000000000000062c       0x34 /usr/lib/gcc/arm-none-eabi/7.3.1/../../../arm-none-eabi/lib/thumb/v7e-m/fpv4-sp/hard/libm.a(lib_a-e_exp.o)
 .ARM.attributes
                0x0000000000000660       0x34 /usr/lib/gcc/arm-none-eabi/7.3.1/../../../arm-none-eabi/lib/thumb/v7e-m/fpv4-sp/hard/libm.a(lib_a-ef_rem_pio2.o)
 .ARM.attributes
                0x0000000000000694       0x34 /usr/lib/gcc/arm-none-eabi/7.3.1/../../../arm-none-eabi/lib/thumb/v7e-m/fpv4-sp/hard/libm.a(lib_a-kf_cos.o)
 .ARM.attributes
                0x00000000000006c8       0x34 /usr/lib/gcc/arm-none-eabi/7.3.1/../../../arm-none-eabi/lib/thumb/v7e-m/fpv4-sp/hard/libm.a(lib_a-kf_rem_pio2.o)
 .ARM.attributes
                0x00000000000006fc       0x34 /usr/lib/gcc/arm-none-eabi/7.3.1/../../../arm-none-eabi/lib/thumb/v7e-m/fpv4-sp/hard/libm.a(lib_a-kf_sin.o)
 .ARM.attributes
                0x0000000000000730       0x34 /usr/lib/gcc/arm-none-eabi/7.3.1/../../../arm-none-eabi/lib/thumb/v7e-m/fpv4-sp/hard/libm.a(lib_a-s_finite.o)
 .ARM.attributes
                0x0000000000000764       0x34 /usr/lib/gcc/arm-none-eabi/7.3.1/../../../arm-none-eabi/lib/thumb/v7e-m/fpv4-sp/hard/libm.a(lib_a-s_lib_ver.o)
 .ARM.attributes
                0x0000000000000798       0x34 /usr/lib/gcc/arm-none-eabi/7.3.1/../../../arm-none-eabi/lib/thumb/v7e-m/fpv4-sp/hard/libm.a(lib_a-s_matherr.o)
 .ARM.attributes
                0x00000000000007cc       0x34 /usr/lib/gcc/arm-none-eabi/7.3.1/../../../arm-none-eabi/lib/thumb/v7e-m/fpv4-sp/hard/libm.a(lib_a-sf_fabs.o)
 .ARM.attributes
                0x0000000000000800       0x34 /usr/lib/gcc/arm-none-eabi/7.3.1/../../../arm-none-eabi/lib/thumb/v7e-m/fpv4-sp/hard/libm.a(lib_a-sf_floor.o)
 .ARM.attributes
                0x0000000000000834       0x34 /usr/lib/gcc/arm-none-eabi/7.3.1/../../../arm-none-eabi/lib/thumb/v7e-m/fpv4-sp/hard/libm.a(lib_a-sf_scalbn.o)
 .ARM.attributes
                0x0000000000000868       0x34 /usr/lib/gcc/arm-none-eabi/7.3.1/../../../arm-none-eabi/lib/thumb/v7e-m/fpv4-sp/hard/libnosys.a(sbrk.o)
 .ARM.attributes
                0x000000000000089c       0x22 /usr/lib/gcc/arm-none-eabi/7.3.1/thumb/v7e-m/fpv4-sp/hard/libgcc.a(_arm_addsubdf3.o)
 .ARM.attributes
                0x00000000000008be       0x22 /usr/lib/gcc/arm-none-eabi/7.3.1/thumb/v7e-m/fpv4-sp/hard/libgcc.a(_arm_muldivdf3.o)
 .ARM.attributes
                0x00000000000008e0       0x22 /usr/lib/gcc/arm-none-eabi/7.3.1/thumb/v7e-m/fpv4-sp/hard/libgcc.a(_arm_cmpdf2.o)
 .ARM.attributes
                0x0000000000000902       0x22 /usr/lib/gcc/arm-none-eabi/7.3.1/thumb/v7e-m/fpv4-sp/hard/libgcc.a(_arm_fixdfsi.o)
 .ARM.attributes
                0x0000000000000924       0x22 /usr/lib/gcc/arm-none-eabi/7.3.1/thumb/v7e-m/fpv4-sp/hard/libgcc.a(_arm_truncdfsf2.o)
 .ARM.attributes
                0x0000000000000946       0x22 /usr/lib/gcc/arm-none-eabi/7.3.1/thumb/v7e-m/fpv4-sp/hard/libgcc.a(_aeabi_uldivmod.o)
 .ARM.attributes
                0x0000000000000968       0x34 /usr/lib/gcc/arm-none-eabi/7.3.1/thumb/v7e-m/fpv4-sp/hard/libgcc.a(_udivmoddi4.o)
 .ARM.attributes
                0x000000000000099c       0x22 /usr/lib/gcc/arm-none-eabi/7.3.1/thumb/v7e-m/fpv4-sp/hard/libgcc.a(_dvmd_tls.o)
 .ARM.attributes
                0x00000000000009be       0x34 /usr/lib/gcc/arm-none-eabi/7.3.1/../../../arm-none-eabi/lib/thumb/v7e-m/fpv4-sp/hard/libc_nano.a(lib_a-errno.o)
 .ARM.attributes
                0x00000000000009f2       0x34 /usr/lib/gcc/arm-none-eabi/7.3.1/thumb/v7e-m/fpv4-sp/hard/crtend.o
 .ARM.attributes
                0x0000000000000a26       0x22 /usr/lib/gcc/arm-none-eabi/7.3.1/thumb/v7e-m/fpv4-sp/hard/crtn.o
OUTPUT(build/prog_STM.elf elf32-littlearm)

.comment        0x0000000000000000       0xb1
 .comment       0x0000000000000000       0x5a /usr/lib/gcc/arm-none-eabi/7.3.1/thumb/v7e-m/fpv4-sp/hard/crtbegin.o
                                         0x5b (size before relaxing)
 .comment       0x000000000000005a       0x5b build/main.o
 .comment       0x000000000000005a       0x5b build/stm32f4xx_it.o
 .comment       0x000000000000005a       0x5b build/stm32f4xx_hal_msp.o
 .comment       0x000000000000005a       0x5b build/stm32f4xx_hal_uart.o
 .comment       0x000000000000005a       0x5b build/stm32f4xx_hal_rcc.o
 .comment       0x000000000000005a       0x5b build/stm32f4xx_hal_gpio.o
 .comment       0x000000000000005a       0x5b build/stm32f4xx_hal_cortex.o
 .comment       0x000000000000005a       0x5b build/stm32f4xx_hal.o
 .comment       0x000000000000005a       0x5b build/system_stm32f4xx.o
 .comment       0x000000000000005a       0x57 /usr/lib/gcc/arm-none-eabi/7.3.1/../../../arm-none-eabi/lib/thumb/v7e-m/fpv4-sp/hard/libc_nano.a(lib_a-impure.o)
                                         0x58 (size before relaxing)
 .comment       0x00000000000000b1       0x58 /usr/lib/gcc/arm-none-eabi/7.3.1/../../../arm-none-eabi/lib/thumb/v7e-m/fpv4-sp/hard/libc_nano.a(lib_a-init.o)
 .comment       0x00000000000000b1       0x58 /usr/lib/gcc/arm-none-eabi/7.3.1/../../../arm-none-eabi/lib/thumb/v7e-m/fpv4-sp/hard/libc_nano.a(lib_a-memset.o)
 .comment       0x00000000000000b1       0x58 /usr/lib/gcc/arm-none-eabi/7.3.1/../../../arm-none-eabi/lib/thumb/v7e-m/fpv4-sp/hard/libc_nano.a(lib_a-sprintf.o)
 .comment       0x00000000000000b1       0x58 /usr/lib/gcc/arm-none-eabi/7.3.1/../../../arm-none-eabi/lib/thumb/v7e-m/fpv4-sp/hard/libc_nano.a(lib_a-nano-svfprintf.o)
 .comment       0x00000000000000b1       0x58 /usr/lib/gcc/arm-none-eabi/7.3.1/../../../arm-none-eabi/lib/thumb/v7e-m/fpv4-sp/hard/libc_nano.a(lib_a-nano-vfprintf_i.o)
 .comment       0x00000000000000b1       0x58 /usr/lib/gcc/arm-none-eabi/7.3.1/../../../arm-none-eabi/lib/thumb/v7e-m/fpv4-sp/hard/libc_nano.a(lib_a-memmove.o)
 .comment       0x00000000000000b1       0x58 /usr/lib/gcc/arm-none-eabi/7.3.1/../../../arm-none-eabi/lib/thumb/v7e-m/fpv4-sp/hard/libc_nano.a(lib_a-nano-freer.o)
 .comment       0x00000000000000b1       0x58 /usr/lib/gcc/arm-none-eabi/7.3.1/../../../arm-none-eabi/lib/thumb/v7e-m/fpv4-sp/hard/libc_nano.a(lib_a-nano-mallocr.o)
 .comment       0x00000000000000b1       0x58 /usr/lib/gcc/arm-none-eabi/7.3.1/../../../arm-none-eabi/lib/thumb/v7e-m/fpv4-sp/hard/libc_nano.a(lib_a-nano-reallocr.o)
 .comment       0x00000000000000b1       0x58 /usr/lib/gcc/arm-none-eabi/7.3.1/../../../arm-none-eabi/lib/thumb/v7e-m/fpv4-sp/hard/libc_nano.a(lib_a-sbrkr.o)
 .comment       0x00000000000000b1       0x58 /usr/lib/gcc/arm-none-eabi/7.3.1/../../../arm-none-eabi/lib/thumb/v7e-m/fpv4-sp/hard/libc_nano.a(lib_a-mlock.o)
 .comment       0x00000000000000b1       0x58 /usr/lib/gcc/arm-none-eabi/7.3.1/../../../arm-none-eabi/lib/thumb/v7e-m/fpv4-sp/hard/libc_nano.a(lib_a-nano-msizer.o)
 .comment       0x00000000000000b1       0x58 /usr/lib/gcc/arm-none-eabi/7.3.1/../../../arm-none-eabi/lib/thumb/v7e-m/fpv4-sp/hard/libc_nano.a(lib_a-reent.o)
 .comment       0x00000000000000b1       0x58 /usr/lib/gcc/arm-none-eabi/7.3.1/../../../arm-none-eabi/lib/thumb/v7e-m/fpv4-sp/hard/libm.a(lib_a-sf_cos.o)
 .comment       0x00000000000000b1       0x58 /usr/lib/gcc/arm-none-eabi/7.3.1/../../../arm-none-eabi/lib/thumb/v7e-m/fpv4-sp/hard/libm.a(lib_a-sf_sin.o)
 .comment       0x00000000000000b1       0x58 /usr/lib/gcc/arm-none-eabi/7.3.1/../../../arm-none-eabi/lib/thumb/v7e-m/fpv4-sp/hard/libm.a(lib_a-w_exp.o)
 .comment       0x00000000000000b1       0x58 /usr/lib/gcc/arm-none-eabi/7.3.1/../../../arm-none-eabi/lib/thumb/v7e-m/fpv4-sp/hard/libm.a(lib_a-e_exp.o)
 .comment       0x00000000000000b1       0x58 /usr/lib/gcc/arm-none-eabi/7.3.1/../../../arm-none-eabi/lib/thumb/v7e-m/fpv4-sp/hard/libm.a(lib_a-ef_rem_pio2.o)
 .comment       0x00000000000000b1       0x58 /usr/lib/gcc/arm-none-eabi/7.3.1/../../../arm-none-eabi/lib/thumb/v7e-m/fpv4-sp/hard/libm.a(lib_a-kf_cos.o)
 .comment       0x00000000000000b1       0x58 /usr/lib/gcc/arm-none-eabi/7.3.1/../../../arm-none-eabi/lib/thumb/v7e-m/fpv4-sp/hard/libm.a(lib_a-kf_rem_pio2.o)
 .comment       0x00000000000000b1       0x58 /usr/lib/gcc/arm-none-eabi/7.3.1/../../../arm-none-eabi/lib/thumb/v7e-m/fpv4-sp/hard/libm.a(lib_a-kf_sin.o)
 .comment       0x00000000000000b1       0x58 /usr/lib/gcc/arm-none-eabi/7.3.1/../../../arm-none-eabi/lib/thumb/v7e-m/fpv4-sp/hard/libm.a(lib_a-s_finite.o)
 .comment       0x00000000000000b1       0x58 /usr/lib/gcc/arm-none-eabi/7.3.1/../../../arm-none-eabi/lib/thumb/v7e-m/fpv4-sp/hard/libm.a(lib_a-s_lib_ver.o)
 .comment       0x00000000000000b1       0x58 /usr/lib/gcc/arm-none-eabi/7.3.1/../../../arm-none-eabi/lib/thumb/v7e-m/fpv4-sp/hard/libm.a(lib_a-s_matherr.o)
 .comment       0x00000000000000b1       0x58 /usr/lib/gcc/arm-none-eabi/7.3.1/../../../arm-none-eabi/lib/thumb/v7e-m/fpv4-sp/hard/libm.a(lib_a-sf_fabs.o)
 .comment       0x00000000000000b1       0x58 /usr/lib/gcc/arm-none-eabi/7.3.1/../../../arm-none-eabi/lib/thumb/v7e-m/fpv4-sp/hard/libm.a(lib_a-sf_floor.o)
 .comment       0x00000000000000b1       0x58 /usr/lib/gcc/arm-none-eabi/7.3.1/../../../arm-none-eabi/lib/thumb/v7e-m/fpv4-sp/hard/libm.a(lib_a-sf_scalbn.o)
 .comment       0x00000000000000b1       0x58 /usr/lib/gcc/arm-none-eabi/7.3.1/../../../arm-none-eabi/lib/thumb/v7e-m/fpv4-sp/hard/libnosys.a(sbrk.o)
 .comment       0x00000000000000b1       0x5b /usr/lib/gcc/arm-none-eabi/7.3.1/thumb/v7e-m/fpv4-sp/hard/libgcc.a(_udivmoddi4.o)
 .comment       0x00000000000000b1       0x58 /usr/lib/gcc/arm-none-eabi/7.3.1/../../../arm-none-eabi/lib/thumb/v7e-m/fpv4-sp/hard/libc_nano.a(lib_a-errno.o)
 .comment       0x00000000000000b1       0x5b /usr/lib/gcc/arm-none-eabi/7.3.1/thumb/v7e-m/fpv4-sp/hard/crtend.o

.debug_info     0x0000000000000000    0x1be47
 .debug_info    0x0000000000000000     0x1985 build/main.o
 .debug_info    0x0000000000001985      0x25f build/stm32f4xx_it.o
 .debug_info    0x0000000000001be4      0xad6 build/stm32f4xx_hal_msp.o
 .debug_info    0x00000000000026ba     0x1895 build/stm32f4xx_hal_uart.o
 .debug_info    0x0000000000003f4f      0xba7 build/stm32f4xx_hal_rcc.o
 .debug_info    0x0000000000004af6      0x891 build/stm32f4xx_hal_gpio.o
 .debug_info    0x0000000000005387      0xfdc build/stm32f4xx_hal_cortex.o
 .debug_info    0x0000000000006363      0xa66 build/stm32f4xx_hal.o
 .debug_info    0x0000000000006dc9      0x608 build/system_stm32f4xx.o
 .debug_info    0x00000000000073d1       0x22 build/startup_stm32f401xe.o
 .debug_info    0x00000000000073f3      0x8a4 /usr/lib/gcc/arm-none-eabi/7.3.1/../../../arm-none-eabi/lib/thumb/v7e-m/fpv4-sp/hard/libc_nano.a(lib_a-impure.o)
 .debug_info    0x0000000000007c97      0x109 /usr/lib/gcc/arm-none-eabi/7.3.1/../../../arm-none-eabi/lib/thumb/v7e-m/fpv4-sp/hard/libc_nano.a(lib_a-init.o)
 .debug_info    0x0000000000007da0      0xe1d /usr/lib/gcc/arm-none-eabi/7.3.1/../../../arm-none-eabi/lib/thumb/v7e-m/fpv4-sp/hard/libc_nano.a(lib_a-memset.o)
 .debug_info    0x0000000000008bbd      0xbd2 /usr/lib/gcc/arm-none-eabi/7.3.1/../../../arm-none-eabi/lib/thumb/v7e-m/fpv4-sp/hard/libc_nano.a(lib_a-sprintf.o)
 .debug_info    0x000000000000978f     0x1651 /usr/lib/gcc/arm-none-eabi/7.3.1/../../../arm-none-eabi/lib/thumb/v7e-m/fpv4-sp/hard/libc_nano.a(lib_a-nano-svfprintf.o)
 .debug_info    0x000000000000ade0     0x142c /usr/lib/gcc/arm-none-eabi/7.3.1/../../../arm-none-eabi/lib/thumb/v7e-m/fpv4-sp/hard/libc_nano.a(lib_a-nano-vfprintf_i.o)
 .debug_info    0x000000000000c20c       0x26 /usr/lib/gcc/arm-none-eabi/7.3.1/../../../arm-none-eabi/lib/thumb/v7e-m/fpv4-sp/hard/libc_nano.a(lib_a-memchr.o)
 .debug_info    0x000000000000c232       0x26 /usr/lib/gcc/arm-none-eabi/7.3.1/../../../arm-none-eabi/lib/thumb/v7e-m/fpv4-sp/hard/libc_nano.a(lib_a-memcpy.o)
 .debug_info    0x000000000000c258      0xe2c /usr/lib/gcc/arm-none-eabi/7.3.1/../../../arm-none-eabi/lib/thumb/v7e-m/fpv4-sp/hard/libc_nano.a(lib_a-memmove.o)
 .debug_info    0x000000000000d084      0xac1 /usr/lib/gcc/arm-none-eabi/7.3.1/../../../arm-none-eabi/lib/thumb/v7e-m/fpv4-sp/hard/libc_nano.a(lib_a-nano-freer.o)
 .debug_info    0x000000000000db45      0xb75 /usr/lib/gcc/arm-none-eabi/7.3.1/../../../arm-none-eabi/lib/thumb/v7e-m/fpv4-sp/hard/libc_nano.a(lib_a-nano-mallocr.o)
 .debug_info    0x000000000000e6ba      0xac6 /usr/lib/gcc/arm-none-eabi/7.3.1/../../../arm-none-eabi/lib/thumb/v7e-m/fpv4-sp/hard/libc_nano.a(lib_a-nano-reallocr.o)
 .debug_info    0x000000000000f180      0x95a /usr/lib/gcc/arm-none-eabi/7.3.1/../../../arm-none-eabi/lib/thumb/v7e-m/fpv4-sp/hard/libc_nano.a(lib_a-sbrkr.o)
 .debug_info    0x000000000000fada      0x8d7 /usr/lib/gcc/arm-none-eabi/7.3.1/../../../arm-none-eabi/lib/thumb/v7e-m/fpv4-sp/hard/libc_nano.a(lib_a-mlock.o)
 .debug_info    0x00000000000103b1      0x9fa /usr/lib/gcc/arm-none-eabi/7.3.1/../../../arm-none-eabi/lib/thumb/v7e-m/fpv4-sp/hard/libc_nano.a(lib_a-nano-msizer.o)
 .debug_info    0x0000000000010dab      0xa90 /usr/lib/gcc/arm-none-eabi/7.3.1/../../../arm-none-eabi/lib/thumb/v7e-m/fpv4-sp/hard/libc_nano.a(lib_a-reent.o)
 .debug_info    0x000000000001183b      0xa1a /usr/lib/gcc/arm-none-eabi/7.3.1/../../../arm-none-eabi/lib/thumb/v7e-m/fpv4-sp/hard/libm.a(lib_a-sf_cos.o)
 .debug_info    0x0000000000012255      0xa25 /usr/lib/gcc/arm-none-eabi/7.3.1/../../../arm-none-eabi/lib/thumb/v7e-m/fpv4-sp/hard/libm.a(lib_a-sf_sin.o)
 .debug_info    0x0000000000012c7a      0xa51 /usr/lib/gcc/arm-none-eabi/7.3.1/../../../arm-none-eabi/lib/thumb/v7e-m/fpv4-sp/hard/libm.a(lib_a-w_exp.o)
 .debug_info    0x00000000000136cb      0xb9d /usr/lib/gcc/arm-none-eabi/7.3.1/../../../arm-none-eabi/lib/thumb/v7e-m/fpv4-sp/hard/libm.a(lib_a-e_exp.o)
 .debug_info    0x0000000000014268      0xbac /usr/lib/gcc/arm-none-eabi/7.3.1/../../../arm-none-eabi/lib/thumb/v7e-m/fpv4-sp/hard/libm.a(lib_a-ef_rem_pio2.o)
 .debug_info    0x0000000000014e14      0xa35 /usr/lib/gcc/arm-none-eabi/7.3.1/../../../arm-none-eabi/lib/thumb/v7e-m/fpv4-sp/hard/libm.a(lib_a-kf_cos.o)
 .debug_info    0x0000000000015849      0xbc0 /usr/lib/gcc/arm-none-eabi/7.3.1/../../../arm-none-eabi/lib/thumb/v7e-m/fpv4-sp/hard/libm.a(lib_a-kf_rem_pio2.o)
 .debug_info    0x0000000000016409      0xa0c /usr/lib/gcc/arm-none-eabi/7.3.1/../../../arm-none-eabi/lib/thumb/v7e-m/fpv4-sp/hard/libm.a(lib_a-kf_sin.o)
 .debug_info    0x0000000000016e15      0x976 /usr/lib/gcc/arm-none-eabi/7.3.1/../../../arm-none-eabi/lib/thumb/v7e-m/fpv4-sp/hard/libm.a(lib_a-s_finite.o)
 .debug_info    0x000000000001778b      0x8d4 /usr/lib/gcc/arm-none-eabi/7.3.1/../../../arm-none-eabi/lib/thumb/v7e-m/fpv4-sp/hard/libm.a(lib_a-s_lib_ver.o)
 .debug_info    0x000000000001805f      0x963 /usr/lib/gcc/arm-none-eabi/7.3.1/../../../arm-none-eabi/lib/thumb/v7e-m/fpv4-sp/hard/libm.a(lib_a-s_matherr.o)
 .debug_info    0x00000000000189c2      0x958 /usr/lib/gcc/arm-none-eabi/7.3.1/../../../arm-none-eabi/lib/thumb/v7e-m/fpv4-sp/hard/libm.a(lib_a-sf_fabs.o)
 .debug_info    0x000000000001931a      0x9a9 /usr/lib/gcc/arm-none-eabi/7.3.1/../../../arm-none-eabi/lib/thumb/v7e-m/fpv4-sp/hard/libm.a(lib_a-sf_floor.o)
 .debug_info    0x0000000000019cc3      0xa14 /usr/lib/gcc/arm-none-eabi/7.3.1/../../../arm-none-eabi/lib/thumb/v7e-m/fpv4-sp/hard/libm.a(lib_a-sf_scalbn.o)
 .debug_info    0x000000000001a6d7       0x90 /usr/lib/gcc/arm-none-eabi/7.3.1/../../../arm-none-eabi/lib/thumb/v7e-m/fpv4-sp/hard/libnosys.a(sbrk.o)
 .debug_info    0x000000000001a767       0x26 /usr/lib/gcc/arm-none-eabi/7.3.1/thumb/v7e-m/fpv4-sp/hard/libgcc.a(_arm_addsubdf3.o)
 .debug_info    0x000000000001a78d       0x26 /usr/lib/gcc/arm-none-eabi/7.3.1/thumb/v7e-m/fpv4-sp/hard/libgcc.a(_arm_muldivdf3.o)
 .debug_info    0x000000000001a7b3       0x26 /usr/lib/gcc/arm-none-eabi/7.3.1/thumb/v7e-m/fpv4-sp/hard/libgcc.a(_arm_cmpdf2.o)
 .debug_info    0x000000000001a7d9       0x26 /usr/lib/gcc/arm-none-eabi/7.3.1/thumb/v7e-m/fpv4-sp/hard/libgcc.a(_arm_fixdfsi.o)
 .debug_info    0x000000000001a7ff       0x26 /usr/lib/gcc/arm-none-eabi/7.3.1/thumb/v7e-m/fpv4-sp/hard/libgcc.a(_arm_truncdfsf2.o)
 .debug_info    0x000000000001a825       0x26 /usr/lib/gcc/arm-none-eabi/7.3.1/thumb/v7e-m/fpv4-sp/hard/libgcc.a(_aeabi_uldivmod.o)
 .debug_info    0x000000000001a84b      0xd0b /usr/lib/gcc/arm-none-eabi/7.3.1/thumb/v7e-m/fpv4-sp/hard/libgcc.a(_udivmoddi4.o)
 .debug_info    0x000000000001b556       0x26 /usr/lib/gcc/arm-none-eabi/7.3.1/thumb/v7e-m/fpv4-sp/hard/libgcc.a(_dvmd_tls.o)
 .debug_info    0x000000000001b57c      0x8cb /usr/lib/gcc/arm-none-eabi/7.3.1/../../../arm-none-eabi/lib/thumb/v7e-m/fpv4-sp/hard/libc_nano.a(lib_a-errno.o)

.debug_abbrev   0x0000000000000000     0x51d2
 .debug_abbrev  0x0000000000000000      0x342 build/main.o
 .debug_abbrev  0x0000000000000342       0xe4 build/stm32f4xx_it.o
 .debug_abbrev  0x0000000000000426      0x1a5 build/stm32f4xx_hal_msp.o
 .debug_abbrev  0x00000000000005cb      0x2e6 build/stm32f4xx_hal_uart.o
 .debug_abbrev  0x00000000000008b1      0x28d build/stm32f4xx_hal_rcc.o
 .debug_abbrev  0x0000000000000b3e      0x21c build/stm32f4xx_hal_gpio.o
 .debug_abbrev  0x0000000000000d5a      0x33d build/stm32f4xx_hal_cortex.o
 .debug_abbrev  0x0000000000001097      0x218 build/stm32f4xx_hal.o
 .debug_abbrev  0x00000000000012af      0x12a build/system_stm32f4xx.o
 .debug_abbrev  0x00000000000013d9       0x12 build/startup_stm32f401xe.o
 .debug_abbrev  0x00000000000013eb      0x15c /usr/lib/gcc/arm-none-eabi/7.3.1/../../../arm-none-eabi/lib/thumb/v7e-m/fpv4-sp/hard/libc_nano.a(lib_a-impure.o)
 .debug_abbrev  0x0000000000001547       0xba /usr/lib/gcc/arm-none-eabi/7.3.1/../../../arm-none-eabi/lib/thumb/v7e-m/fpv4-sp/hard/libc_nano.a(lib_a-init.o)
 .debug_abbrev  0x0000000000001601      0x1a8 /usr/lib/gcc/arm-none-eabi/7.3.1/../../../arm-none-eabi/lib/thumb/v7e-m/fpv4-sp/hard/libc_nano.a(lib_a-memset.o)
 .debug_abbrev  0x00000000000017a9      0x222 /usr/lib/gcc/arm-none-eabi/7.3.1/../../../arm-none-eabi/lib/thumb/v7e-m/fpv4-sp/hard/libc_nano.a(lib_a-sprintf.o)
 .debug_abbrev  0x00000000000019cb      0x2cc /usr/lib/gcc/arm-none-eabi/7.3.1/../../../arm-none-eabi/lib/thumb/v7e-m/fpv4-sp/hard/libc_nano.a(lib_a-nano-svfprintf.o)
 .debug_abbrev  0x0000000000001c97      0x28b /usr/lib/gcc/arm-none-eabi/7.3.1/../../../arm-none-eabi/lib/thumb/v7e-m/fpv4-sp/hard/libc_nano.a(lib_a-nano-vfprintf_i.o)
 .debug_abbrev  0x0000000000001f22       0x14 /usr/lib/gcc/arm-none-eabi/7.3.1/../../../arm-none-eabi/lib/thumb/v7e-m/fpv4-sp/hard/libc_nano.a(lib_a-memchr.o)
 .debug_abbrev  0x0000000000001f36       0x14 /usr/lib/gcc/arm-none-eabi/7.3.1/../../../arm-none-eabi/lib/thumb/v7e-m/fpv4-sp/hard/libc_nano.a(lib_a-memcpy.o)
 .debug_abbrev  0x0000000000001f4a      0x1ad /usr/lib/gcc/arm-none-eabi/7.3.1/../../../arm-none-eabi/lib/thumb/v7e-m/fpv4-sp/hard/libc_nano.a(lib_a-memmove.o)
 .debug_abbrev  0x00000000000020f7      0x244 /usr/lib/gcc/arm-none-eabi/7.3.1/../../../arm-none-eabi/lib/thumb/v7e-m/fpv4-sp/hard/libc_nano.a(lib_a-nano-freer.o)
 .debug_abbrev  0x000000000000233b      0x27f /usr/lib/gcc/arm-none-eabi/7.3.1/../../../arm-none-eabi/lib/thumb/v7e-m/fpv4-sp/hard/libc_nano.a(lib_a-nano-mallocr.o)
 .debug_abbrev  0x00000000000025ba      0x1f9 /usr/lib/gcc/arm-none-eabi/7.3.1/../../../arm-none-eabi/lib/thumb/v7e-m/fpv4-sp/hard/libc_nano.a(lib_a-nano-reallocr.o)
 .debug_abbrev  0x00000000000027b3      0x1df /usr/lib/gcc/arm-none-eabi/7.3.1/../../../arm-none-eabi/lib/thumb/v7e-m/fpv4-sp/hard/libc_nano.a(lib_a-sbrkr.o)
 .debug_abbrev  0x0000000000002992      0x1a1 /usr/lib/gcc/arm-none-eabi/7.3.1/../../../arm-none-eabi/lib/thumb/v7e-m/fpv4-sp/hard/libc_nano.a(lib_a-mlock.o)
 .debug_abbrev  0x0000000000002b33      0x1b4 /usr/lib/gcc/arm-none-eabi/7.3.1/../../../arm-none-eabi/lib/thumb/v7e-m/fpv4-sp/hard/libc_nano.a(lib_a-nano-msizer.o)
 .debug_abbrev  0x0000000000002ce7      0x24c /usr/lib/gcc/arm-none-eabi/7.3.1/../../../arm-none-eabi/lib/thumb/v7e-m/fpv4-sp/hard/libc_nano.a(lib_a-reent.o)
 .debug_abbrev  0x0000000000002f33      0x24a /usr/lib/gcc/arm-none-eabi/7.3.1/../../../arm-none-eabi/lib/thumb/v7e-m/fpv4-sp/hard/libm.a(lib_a-sf_cos.o)
 .debug_abbrev  0x000000000000317d      0x255 /usr/lib/gcc/arm-none-eabi/7.3.1/../../../arm-none-eabi/lib/thumb/v7e-m/fpv4-sp/hard/libm.a(lib_a-sf_sin.o)
 .debug_abbrev  0x00000000000033d2      0x266 /usr/lib/gcc/arm-none-eabi/7.3.1/../../../arm-none-eabi/lib/thumb/v7e-m/fpv4-sp/hard/libm.a(lib_a-w_exp.o)
 .debug_abbrev  0x0000000000003638      0x269 /usr/lib/gcc/arm-none-eabi/7.3.1/../../../arm-none-eabi/lib/thumb/v7e-m/fpv4-sp/hard/libm.a(lib_a-e_exp.o)
 .debug_abbrev  0x00000000000038a1      0x28c /usr/lib/gcc/arm-none-eabi/7.3.1/../../../arm-none-eabi/lib/thumb/v7e-m/fpv4-sp/hard/libm.a(lib_a-ef_rem_pio2.o)
 .debug_abbrev  0x0000000000003b2d      0x21a /usr/lib/gcc/arm-none-eabi/7.3.1/../../../arm-none-eabi/lib/thumb/v7e-m/fpv4-sp/hard/libm.a(lib_a-kf_cos.o)
 .debug_abbrev  0x0000000000003d47      0x279 /usr/lib/gcc/arm-none-eabi/7.3.1/../../../arm-none-eabi/lib/thumb/v7e-m/fpv4-sp/hard/libm.a(lib_a-kf_rem_pio2.o)
 .debug_abbrev  0x0000000000003fc0      0x220 /usr/lib/gcc/arm-none-eabi/7.3.1/../../../arm-none-eabi/lib/thumb/v7e-m/fpv4-sp/hard/libm.a(lib_a-kf_sin.o)
 .debug_abbrev  0x00000000000041e0      0x1fa /usr/lib/gcc/arm-none-eabi/7.3.1/../../../arm-none-eabi/lib/thumb/v7e-m/fpv4-sp/hard/libm.a(lib_a-s_finite.o)
 .debug_abbrev  0x00000000000043da      0x1ac /usr/lib/gcc/arm-none-eabi/7.3.1/../../../arm-none-eabi/lib/thumb/v7e-m/fpv4-sp/hard/libm.a(lib_a-s_lib_ver.o)
 .debug_abbrev  0x0000000000004586      0x1ec /usr/lib/gcc/arm-none-eabi/7.3.1/../../../arm-none-eabi/lib/thumb/v7e-m/fpv4-sp/hard/libm.a(lib_a-s_matherr.o)
 .debug_abbrev  0x0000000000004772      0x1f4 /usr/lib/gcc/arm-none-eabi/7.3.1/../../../arm-none-eabi/lib/thumb/v7e-m/fpv4-sp/hard/libm.a(lib_a-sf_fabs.o)
 .debug_abbrev  0x0000000000004966      0x214 /usr/lib/gcc/arm-none-eabi/7.3.1/../../../arm-none-eabi/lib/thumb/v7e-m/fpv4-sp/hard/libm.a(lib_a-sf_floor.o)
 .debug_abbrev  0x0000000000004b7a      0x229 /usr/lib/gcc/arm-none-eabi/7.3.1/../../../arm-none-eabi/lib/thumb/v7e-m/fpv4-sp/hard/libm.a(lib_a-sf_scalbn.o)
 .debug_abbrev  0x0000000000004da3       0x92 /usr/lib/gcc/arm-none-eabi/7.3.1/../../../arm-none-eabi/lib/thumb/v7e-m/fpv4-sp/hard/libnosys.a(sbrk.o)
 .debug_abbrev  0x0000000000004e35       0x14 /usr/lib/gcc/arm-none-eabi/7.3.1/thumb/v7e-m/fpv4-sp/hard/libgcc.a(_arm_addsubdf3.o)
 .debug_abbrev  0x0000000000004e49       0x14 /usr/lib/gcc/arm-none-eabi/7.3.1/thumb/v7e-m/fpv4-sp/hard/libgcc.a(_arm_muldivdf3.o)
 .debug_abbrev  0x0000000000004e5d       0x14 /usr/lib/gcc/arm-none-eabi/7.3.1/thumb/v7e-m/fpv4-sp/hard/libgcc.a(_arm_cmpdf2.o)
 .debug_abbrev  0x0000000000004e71       0x14 /usr/lib/gcc/arm-none-eabi/7.3.1/thumb/v7e-m/fpv4-sp/hard/libgcc.a(_arm_fixdfsi.o)
 .debug_abbrev  0x0000000000004e85       0x14 /usr/lib/gcc/arm-none-eabi/7.3.1/thumb/v7e-m/fpv4-sp/hard/libgcc.a(_arm_truncdfsf2.o)
 .debug_abbrev  0x0000000000004e99       0x14 /usr/lib/gcc/arm-none-eabi/7.3.1/thumb/v7e-m/fpv4-sp/hard/libgcc.a(_aeabi_uldivmod.o)
 .debug_abbrev  0x0000000000004ead      0x199 /usr/lib/gcc/arm-none-eabi/7.3.1/thumb/v7e-m/fpv4-sp/hard/libgcc.a(_udivmoddi4.o)
 .debug_abbrev  0x0000000000005046       0x14 /usr/lib/gcc/arm-none-eabi/7.3.1/thumb/v7e-m/fpv4-sp/hard/libgcc.a(_dvmd_tls.o)
 .debug_abbrev  0x000000000000505a      0x178 /usr/lib/gcc/arm-none-eabi/7.3.1/../../../arm-none-eabi/lib/thumb/v7e-m/fpv4-sp/hard/libc_nano.a(lib_a-errno.o)

.debug_loc      0x0000000000000000     0x77b3
 .debug_loc     0x0000000000000000      0x1e7 build/main.o
 .debug_loc     0x00000000000001e7       0x20 build/stm32f4xx_it.o
 .debug_loc     0x0000000000000207      0x110 build/stm32f4xx_hal_msp.o
 .debug_loc     0x0000000000000317     0x1a4d build/stm32f4xx_hal_uart.o
 .debug_loc     0x0000000000001d64      0x573 build/stm32f4xx_hal_rcc.o
 .debug_loc     0x00000000000022d7      0x53e build/stm32f4xx_hal_gpio.o
 .debug_loc     0x0000000000002815      0x65e build/stm32f4xx_hal_cortex.o
 .debug_loc     0x0000000000002e73      0x1bb build/stm32f4xx_hal.o
 .debug_loc     0x000000000000302e      0x13e build/system_stm32f4xx.o
 .debug_loc     0x000000000000316c       0xa2 /usr/lib/gcc/arm-none-eabi/7.3.1/../../../arm-none-eabi/lib/thumb/v7e-m/fpv4-sp/hard/libc_nano.a(lib_a-init.o)
 .debug_loc     0x000000000000320e      0x175 /usr/lib/gcc/arm-none-eabi/7.3.1/../../../arm-none-eabi/lib/thumb/v7e-m/fpv4-sp/hard/libc_nano.a(lib_a-memset.o)
 .debug_loc     0x0000000000003383       0x86 /usr/lib/gcc/arm-none-eabi/7.3.1/../../../arm-none-eabi/lib/thumb/v7e-m/fpv4-sp/hard/libc_nano.a(lib_a-sprintf.o)
 .debug_loc     0x0000000000003409      0x6f1 /usr/lib/gcc/arm-none-eabi/7.3.1/../../../arm-none-eabi/lib/thumb/v7e-m/fpv4-sp/hard/libc_nano.a(lib_a-nano-svfprintf.o)
 .debug_loc     0x0000000000003afa      0x6f2 /usr/lib/gcc/arm-none-eabi/7.3.1/../../../arm-none-eabi/lib/thumb/v7e-m/fpv4-sp/hard/libc_nano.a(lib_a-nano-vfprintf_i.o)
 .debug_loc     0x00000000000041ec      0x252 /usr/lib/gcc/arm-none-eabi/7.3.1/../../../arm-none-eabi/lib/thumb/v7e-m/fpv4-sp/hard/libc_nano.a(lib_a-memmove.o)
 .debug_loc     0x000000000000443e      0x197 /usr/lib/gcc/arm-none-eabi/7.3.1/../../../arm-none-eabi/lib/thumb/v7e-m/fpv4-sp/hard/libc_nano.a(lib_a-nano-freer.o)
 .debug_loc     0x00000000000045d5      0x355 /usr/lib/gcc/arm-none-eabi/7.3.1/../../../arm-none-eabi/lib/thumb/v7e-m/fpv4-sp/hard/libc_nano.a(lib_a-nano-mallocr.o)
 .debug_loc     0x000000000000492a      0x13d /usr/lib/gcc/arm-none-eabi/7.3.1/../../../arm-none-eabi/lib/thumb/v7e-m/fpv4-sp/hard/libc_nano.a(lib_a-nano-reallocr.o)
 .debug_loc     0x0000000000004a67       0x4d /usr/lib/gcc/arm-none-eabi/7.3.1/../../../arm-none-eabi/lib/thumb/v7e-m/fpv4-sp/hard/libc_nano.a(lib_a-sbrkr.o)
 .debug_loc     0x0000000000004ab4       0x78 /usr/lib/gcc/arm-none-eabi/7.3.1/../../../arm-none-eabi/lib/thumb/v7e-m/fpv4-sp/hard/libc_nano.a(lib_a-nano-msizer.o)
 .debug_loc     0x0000000000004b2c      0x14a /usr/lib/gcc/arm-none-eabi/7.3.1/../../../arm-none-eabi/lib/thumb/v7e-m/fpv4-sp/hard/libc_nano.a(lib_a-reent.o)
 .debug_loc     0x0000000000004c76       0xba /usr/lib/gcc/arm-none-eabi/7.3.1/../../../arm-none-eabi/lib/thumb/v7e-m/fpv4-sp/hard/libm.a(lib_a-sf_cos.o)
 .debug_loc     0x0000000000004d30       0xba /usr/lib/gcc/arm-none-eabi/7.3.1/../../../arm-none-eabi/lib/thumb/v7e-m/fpv4-sp/hard/libm.a(lib_a-sf_sin.o)
 .debug_loc     0x0000000000004dea       0x8c /usr/lib/gcc/arm-none-eabi/7.3.1/../../../arm-none-eabi/lib/thumb/v7e-m/fpv4-sp/hard/libm.a(lib_a-w_exp.o)
 .debug_loc     0x0000000000004e76      0x34b /usr/lib/gcc/arm-none-eabi/7.3.1/../../../arm-none-eabi/lib/thumb/v7e-m/fpv4-sp/hard/libm.a(lib_a-e_exp.o)
 .debug_loc     0x00000000000051c1      0x56f /usr/lib/gcc/arm-none-eabi/7.3.1/../../../arm-none-eabi/lib/thumb/v7e-m/fpv4-sp/hard/libm.a(lib_a-ef_rem_pio2.o)
 .debug_loc     0x0000000000005730      0x1e8 /usr/lib/gcc/arm-none-eabi/7.3.1/../../../arm-none-eabi/lib/thumb/v7e-m/fpv4-sp/hard/libm.a(lib_a-kf_cos.o)
 .debug_loc     0x0000000000005918      0xa6c /usr/lib/gcc/arm-none-eabi/7.3.1/../../../arm-none-eabi/lib/thumb/v7e-m/fpv4-sp/hard/libm.a(lib_a-kf_rem_pio2.o)
 .debug_loc     0x0000000000006384      0x134 /usr/lib/gcc/arm-none-eabi/7.3.1/../../../arm-none-eabi/lib/thumb/v7e-m/fpv4-sp/hard/libm.a(lib_a-kf_sin.o)
 .debug_loc     0x00000000000064b8       0x21 /usr/lib/gcc/arm-none-eabi/7.3.1/../../../arm-none-eabi/lib/thumb/v7e-m/fpv4-sp/hard/libm.a(lib_a-s_matherr.o)
 .debug_loc     0x00000000000064d9       0x3e /usr/lib/gcc/arm-none-eabi/7.3.1/../../../arm-none-eabi/lib/thumb/v7e-m/fpv4-sp/hard/libm.a(lib_a-sf_fabs.o)
 .debug_loc     0x0000000000006517      0x1cc /usr/lib/gcc/arm-none-eabi/7.3.1/../../../arm-none-eabi/lib/thumb/v7e-m/fpv4-sp/hard/libm.a(lib_a-sf_floor.o)
 .debug_loc     0x00000000000066e3      0x24d /usr/lib/gcc/arm-none-eabi/7.3.1/../../../arm-none-eabi/lib/thumb/v7e-m/fpv4-sp/hard/libm.a(lib_a-sf_scalbn.o)
 .debug_loc     0x0000000000006930       0x38 /usr/lib/gcc/arm-none-eabi/7.3.1/../../../arm-none-eabi/lib/thumb/v7e-m/fpv4-sp/hard/libnosys.a(sbrk.o)
 .debug_loc     0x0000000000006968      0xe4b /usr/lib/gcc/arm-none-eabi/7.3.1/thumb/v7e-m/fpv4-sp/hard/libgcc.a(_udivmoddi4.o)

.debug_aranges  0x0000000000000000      0xa68
 .debug_aranges
                0x0000000000000000       0x50 build/main.o
 .debug_aranges
                0x0000000000000050       0x60 build/stm32f4xx_it.o
 .debug_aranges
                0x00000000000000b0       0x30 build/stm32f4xx_hal_msp.o
 .debug_aranges
                0x00000000000000e0      0x1d0 build/stm32f4xx_hal_uart.o
 .debug_aranges
                0x00000000000002b0       0x88 build/stm32f4xx_hal_rcc.o
 .debug_aranges
                0x0000000000000338       0x58 build/stm32f4xx_hal_gpio.o
 .debug_aranges
                0x0000000000000390       0xa8 build/stm32f4xx_hal_cortex.o
 .debug_aranges
                0x0000000000000438       0xf0 build/stm32f4xx_hal.o
 .debug_aranges
                0x0000000000000528       0x28 build/system_stm32f4xx.o
 .debug_aranges
                0x0000000000000550       0x28 build/startup_stm32f401xe.o
 .debug_aranges
                0x0000000000000578       0x18 /usr/lib/gcc/arm-none-eabi/7.3.1/../../../arm-none-eabi/lib/thumb/v7e-m/fpv4-sp/hard/libc_nano.a(lib_a-impure.o)
 .debug_aranges
                0x0000000000000590       0x20 /usr/lib/gcc/arm-none-eabi/7.3.1/../../../arm-none-eabi/lib/thumb/v7e-m/fpv4-sp/hard/libc_nano.a(lib_a-init.o)
 .debug_aranges
                0x00000000000005b0       0x20 /usr/lib/gcc/arm-none-eabi/7.3.1/../../../arm-none-eabi/lib/thumb/v7e-m/fpv4-sp/hard/libc_nano.a(lib_a-memset.o)
 .debug_aranges
                0x00000000000005d0       0x20 /usr/lib/gcc/arm-none-eabi/7.3.1/../../../arm-none-eabi/lib/thumb/v7e-m/fpv4-sp/hard/libc_nano.a(lib_a-sprintf.o)
 .debug_aranges
                0x00000000000005f0       0x20 /usr/lib/gcc/arm-none-eabi/7.3.1/../../../arm-none-eabi/lib/thumb/v7e-m/fpv4-sp/hard/libc_nano.a(lib_a-nano-svfprintf.o)
 .debug_aranges
                0x0000000000000610       0x20 /usr/lib/gcc/arm-none-eabi/7.3.1/../../../arm-none-eabi/lib/thumb/v7e-m/fpv4-sp/hard/libc_nano.a(lib_a-nano-vfprintf_i.o)
 .debug_aranges
                0x0000000000000630       0x20 /usr/lib/gcc/arm-none-eabi/7.3.1/../../../arm-none-eabi/lib/thumb/v7e-m/fpv4-sp/hard/libc_nano.a(lib_a-memchr.o)
 .debug_aranges
                0x0000000000000650       0x20 /usr/lib/gcc/arm-none-eabi/7.3.1/../../../arm-none-eabi/lib/thumb/v7e-m/fpv4-sp/hard/libc_nano.a(lib_a-memcpy.o)
 .debug_aranges
                0x0000000000000670       0x20 /usr/lib/gcc/arm-none-eabi/7.3.1/../../../arm-none-eabi/lib/thumb/v7e-m/fpv4-sp/hard/libc_nano.a(lib_a-memmove.o)
 .debug_aranges
                0x0000000000000690       0x20 /usr/lib/gcc/arm-none-eabi/7.3.1/../../../arm-none-eabi/lib/thumb/v7e-m/fpv4-sp/hard/libc_nano.a(lib_a-nano-freer.o)
 .debug_aranges
                0x00000000000006b0       0x20 /usr/lib/gcc/arm-none-eabi/7.3.1/../../../arm-none-eabi/lib/thumb/v7e-m/fpv4-sp/hard/libc_nano.a(lib_a-nano-mallocr.o)
 .debug_aranges
                0x00000000000006d0       0x20 /usr/lib/gcc/arm-none-eabi/7.3.1/../../../arm-none-eabi/lib/thumb/v7e-m/fpv4-sp/hard/libc_nano.a(lib_a-nano-reallocr.o)
 .debug_aranges
                0x00000000000006f0       0x20 /usr/lib/gcc/arm-none-eabi/7.3.1/../../../arm-none-eabi/lib/thumb/v7e-m/fpv4-sp/hard/libc_nano.a(lib_a-sbrkr.o)
 .debug_aranges
                0x0000000000000710       0x20 /usr/lib/gcc/arm-none-eabi/7.3.1/../../../arm-none-eabi/lib/thumb/v7e-m/fpv4-sp/hard/libc_nano.a(lib_a-mlock.o)
 .debug_aranges
                0x0000000000000730       0x20 /usr/lib/gcc/arm-none-eabi/7.3.1/../../../arm-none-eabi/lib/thumb/v7e-m/fpv4-sp/hard/libc_nano.a(lib_a-nano-msizer.o)
 .debug_aranges
                0x0000000000000750       0x20 /usr/lib/gcc/arm-none-eabi/7.3.1/../../../arm-none-eabi/lib/thumb/v7e-m/fpv4-sp/hard/libc_nano.a(lib_a-reent.o)
 .debug_aranges
                0x0000000000000770       0x20 /usr/lib/gcc/arm-none-eabi/7.3.1/../../../arm-none-eabi/lib/thumb/v7e-m/fpv4-sp/hard/libm.a(lib_a-sf_cos.o)
 .debug_aranges
                0x0000000000000790       0x20 /usr/lib/gcc/arm-none-eabi/7.3.1/../../../arm-none-eabi/lib/thumb/v7e-m/fpv4-sp/hard/libm.a(lib_a-sf_sin.o)
 .debug_aranges
                0x00000000000007b0       0x20 /usr/lib/gcc/arm-none-eabi/7.3.1/../../../arm-none-eabi/lib/thumb/v7e-m/fpv4-sp/hard/libm.a(lib_a-w_exp.o)
 .debug_aranges
                0x00000000000007d0       0x20 /usr/lib/gcc/arm-none-eabi/7.3.1/../../../arm-none-eabi/lib/thumb/v7e-m/fpv4-sp/hard/libm.a(lib_a-e_exp.o)
 .debug_aranges
                0x00000000000007f0       0x20 /usr/lib/gcc/arm-none-eabi/7.3.1/../../../arm-none-eabi/lib/thumb/v7e-m/fpv4-sp/hard/libm.a(lib_a-ef_rem_pio2.o)
 .debug_aranges
                0x0000000000000810       0x20 /usr/lib/gcc/arm-none-eabi/7.3.1/../../../arm-none-eabi/lib/thumb/v7e-m/fpv4-sp/hard/libm.a(lib_a-kf_cos.o)
 .debug_aranges
                0x0000000000000830       0x20 /usr/lib/gcc/arm-none-eabi/7.3.1/../../../arm-none-eabi/lib/thumb/v7e-m/fpv4-sp/hard/libm.a(lib_a-kf_rem_pio2.o)
 .debug_aranges
                0x0000000000000850       0x20 /usr/lib/gcc/arm-none-eabi/7.3.1/../../../arm-none-eabi/lib/thumb/v7e-m/fpv4-sp/hard/libm.a(lib_a-kf_sin.o)
 .debug_aranges
                0x0000000000000870       0x20 /usr/lib/gcc/arm-none-eabi/7.3.1/../../../arm-none-eabi/lib/thumb/v7e-m/fpv4-sp/hard/libm.a(lib_a-s_finite.o)
 .debug_aranges
                0x0000000000000890       0x18 /usr/lib/gcc/arm-none-eabi/7.3.1/../../../arm-none-eabi/lib/thumb/v7e-m/fpv4-sp/hard/libm.a(lib_a-s_lib_ver.o)
 .debug_aranges
                0x00000000000008a8       0x20 /usr/lib/gcc/arm-none-eabi/7.3.1/../../../arm-none-eabi/lib/thumb/v7e-m/fpv4-sp/hard/libm.a(lib_a-s_matherr.o)
 .debug_aranges
                0x00000000000008c8       0x20 /usr/lib/gcc/arm-none-eabi/7.3.1/../../../arm-none-eabi/lib/thumb/v7e-m/fpv4-sp/hard/libm.a(lib_a-sf_fabs.o)
 .debug_aranges
                0x00000000000008e8       0x20 /usr/lib/gcc/arm-none-eabi/7.3.1/../../../arm-none-eabi/lib/thumb/v7e-m/fpv4-sp/hard/libm.a(lib_a-sf_floor.o)
 .debug_aranges
                0x0000000000000908       0x20 /usr/lib/gcc/arm-none-eabi/7.3.1/../../../arm-none-eabi/lib/thumb/v7e-m/fpv4-sp/hard/libm.a(lib_a-sf_scalbn.o)
 .debug_aranges
                0x0000000000000928       0x20 /usr/lib/gcc/arm-none-eabi/7.3.1/../../../arm-none-eabi/lib/thumb/v7e-m/fpv4-sp/hard/libnosys.a(sbrk.o)
 .debug_aranges
                0x0000000000000948       0x20 /usr/lib/gcc/arm-none-eabi/7.3.1/thumb/v7e-m/fpv4-sp/hard/libgcc.a(_arm_addsubdf3.o)
 .debug_aranges
                0x0000000000000968       0x20 /usr/lib/gcc/arm-none-eabi/7.3.1/thumb/v7e-m/fpv4-sp/hard/libgcc.a(_arm_muldivdf3.o)
 .debug_aranges
                0x0000000000000988       0x20 /usr/lib/gcc/arm-none-eabi/7.3.1/thumb/v7e-m/fpv4-sp/hard/libgcc.a(_arm_cmpdf2.o)
 .debug_aranges
                0x00000000000009a8       0x20 /usr/lib/gcc/arm-none-eabi/7.3.1/thumb/v7e-m/fpv4-sp/hard/libgcc.a(_arm_fixdfsi.o)
 .debug_aranges
                0x00000000000009c8       0x20 /usr/lib/gcc/arm-none-eabi/7.3.1/thumb/v7e-m/fpv4-sp/hard/libgcc.a(_arm_truncdfsf2.o)
 .debug_aranges
                0x00000000000009e8       0x20 /usr/lib/gcc/arm-none-eabi/7.3.1/thumb/v7e-m/fpv4-sp/hard/libgcc.a(_aeabi_uldivmod.o)
 .debug_aranges
                0x0000000000000a08       0x20 /usr/lib/gcc/arm-none-eabi/7.3.1/thumb/v7e-m/fpv4-sp/hard/libgcc.a(_udivmoddi4.o)
 .debug_aranges
                0x0000000000000a28       0x20 /usr/lib/gcc/arm-none-eabi/7.3.1/thumb/v7e-m/fpv4-sp/hard/libgcc.a(_dvmd_tls.o)
 .debug_aranges
                0x0000000000000a48       0x20 /usr/lib/gcc/arm-none-eabi/7.3.1/../../../arm-none-eabi/lib/thumb/v7e-m/fpv4-sp/hard/libc_nano.a(lib_a-errno.o)

.debug_ranges   0x0000000000000000      0x780
 .debug_ranges  0x0000000000000000       0x40 build/main.o
 .debug_ranges  0x0000000000000040       0x50 build/stm32f4xx_it.o
 .debug_ranges  0x0000000000000090       0x20 build/stm32f4xx_hal_msp.o
 .debug_ranges  0x00000000000000b0      0x1c0 build/stm32f4xx_hal_uart.o
 .debug_ranges  0x0000000000000270       0x90 build/stm32f4xx_hal_rcc.o
 .debug_ranges  0x0000000000000300       0x48 build/stm32f4xx_hal_gpio.o
 .debug_ranges  0x0000000000000348       0xf8 build/stm32f4xx_hal_cortex.o
 .debug_ranges  0x0000000000000440       0xe0 build/stm32f4xx_hal.o
 .debug_ranges  0x0000000000000520       0x18 build/system_stm32f4xx.o
 .debug_ranges  0x0000000000000538       0x20 build/startup_stm32f401xe.o
 .debug_ranges  0x0000000000000558       0x38 /usr/lib/gcc/arm-none-eabi/7.3.1/../../../arm-none-eabi/lib/thumb/v7e-m/fpv4-sp/hard/libc_nano.a(lib_a-nano-svfprintf.o)
 .debug_ranges  0x0000000000000590       0x70 /usr/lib/gcc/arm-none-eabi/7.3.1/../../../arm-none-eabi/lib/thumb/v7e-m/fpv4-sp/hard/libc_nano.a(lib_a-nano-vfprintf_i.o)
 .debug_ranges  0x0000000000000600       0x40 /usr/lib/gcc/arm-none-eabi/7.3.1/../../../arm-none-eabi/lib/thumb/v7e-m/fpv4-sp/hard/libc_nano.a(lib_a-nano-mallocr.o)
 .debug_ranges  0x0000000000000640       0x18 /usr/lib/gcc/arm-none-eabi/7.3.1/../../../arm-none-eabi/lib/thumb/v7e-m/fpv4-sp/hard/libm.a(lib_a-e_exp.o)
 .debug_ranges  0x0000000000000658       0x20 /usr/lib/gcc/arm-none-eabi/7.3.1/../../../arm-none-eabi/lib/thumb/v7e-m/fpv4-sp/hard/libm.a(lib_a-ef_rem_pio2.o)
 .debug_ranges  0x0000000000000678       0x10 /usr/lib/gcc/arm-none-eabi/7.3.1/../../../arm-none-eabi/lib/thumb/v7e-m/fpv4-sp/hard/libm.a(lib_a-sf_fabs.o)
 .debug_ranges  0x0000000000000688       0x18 /usr/lib/gcc/arm-none-eabi/7.3.1/../../../arm-none-eabi/lib/thumb/v7e-m/fpv4-sp/hard/libm.a(lib_a-sf_floor.o)
 .debug_ranges  0x00000000000006a0       0xe0 /usr/lib/gcc/arm-none-eabi/7.3.1/thumb/v7e-m/fpv4-sp/hard/libgcc.a(_udivmoddi4.o)

.debug_line     0x0000000000000000     0x5eab
 .debug_line    0x0000000000000000      0x345 build/main.o
 .debug_line    0x0000000000000345      0x1b6 build/stm32f4xx_it.o
 .debug_line    0x00000000000004fb      0x1f9 build/stm32f4xx_hal_msp.o
 .debug_line    0x00000000000006f4      0xb11 build/stm32f4xx_hal_uart.o
 .debug_line    0x0000000000001205      0x458 build/stm32f4xx_hal_rcc.o
 .debug_line    0x000000000000165d      0x2fe build/stm32f4xx_hal_gpio.o
 .debug_line    0x000000000000195b      0x3e0 build/stm32f4xx_hal_cortex.o
 .debug_line    0x0000000000001d3b      0x396 build/stm32f4xx_hal.o
 .debug_line    0x00000000000020d1      0x174 build/system_stm32f4xx.o
 .debug_line    0x0000000000002245       0x74 build/startup_stm32f401xe.o
 .debug_line    0x00000000000022b9       0xda /usr/lib/gcc/arm-none-eabi/7.3.1/../../../arm-none-eabi/lib/thumb/v7e-m/fpv4-sp/hard/libc_nano.a(lib_a-impure.o)
 .debug_line    0x0000000000002393       0xbf /usr/lib/gcc/arm-none-eabi/7.3.1/../../../arm-none-eabi/lib/thumb/v7e-m/fpv4-sp/hard/libc_nano.a(lib_a-init.o)
 .debug_line    0x0000000000002452      0x1c4 /usr/lib/gcc/arm-none-eabi/7.3.1/../../../arm-none-eabi/lib/thumb/v7e-m/fpv4-sp/hard/libc_nano.a(lib_a-memset.o)
 .debug_line    0x0000000000002616      0x183 /usr/lib/gcc/arm-none-eabi/7.3.1/../../../arm-none-eabi/lib/thumb/v7e-m/fpv4-sp/hard/libc_nano.a(lib_a-sprintf.o)
 .debug_line    0x0000000000002799      0x3d0 /usr/lib/gcc/arm-none-eabi/7.3.1/../../../arm-none-eabi/lib/thumb/v7e-m/fpv4-sp/hard/libc_nano.a(lib_a-nano-svfprintf.o)
 .debug_line    0x0000000000002b69      0x3c2 /usr/lib/gcc/arm-none-eabi/7.3.1/../../../arm-none-eabi/lib/thumb/v7e-m/fpv4-sp/hard/libc_nano.a(lib_a-nano-vfprintf_i.o)
 .debug_line    0x0000000000002f2b       0xa7 /usr/lib/gcc/arm-none-eabi/7.3.1/../../../arm-none-eabi/lib/thumb/v7e-m/fpv4-sp/hard/libc_nano.a(lib_a-memchr.o)
 .debug_line    0x0000000000002fd2       0xc1 /usr/lib/gcc/arm-none-eabi/7.3.1/../../../arm-none-eabi/lib/thumb/v7e-m/fpv4-sp/hard/libc_nano.a(lib_a-memcpy.o)
 .debug_line    0x0000000000003093      0x1cb /usr/lib/gcc/arm-none-eabi/7.3.1/../../../arm-none-eabi/lib/thumb/v7e-m/fpv4-sp/hard/libc_nano.a(lib_a-memmove.o)
 .debug_line    0x000000000000325e      0x18c /usr/lib/gcc/arm-none-eabi/7.3.1/../../../arm-none-eabi/lib/thumb/v7e-m/fpv4-sp/hard/libc_nano.a(lib_a-nano-freer.o)
 .debug_line    0x00000000000033ea      0x19b /usr/lib/gcc/arm-none-eabi/7.3.1/../../../arm-none-eabi/lib/thumb/v7e-m/fpv4-sp/hard/libc_nano.a(lib_a-nano-mallocr.o)
 .debug_line    0x0000000000003585      0x155 /usr/lib/gcc/arm-none-eabi/7.3.1/../../../arm-none-eabi/lib/thumb/v7e-m/fpv4-sp/hard/libc_nano.a(lib_a-nano-reallocr.o)
 .debug_line    0x00000000000036da      0x136 /usr/lib/gcc/arm-none-eabi/7.3.1/../../../arm-none-eabi/lib/thumb/v7e-m/fpv4-sp/hard/libc_nano.a(lib_a-sbrkr.o)
 .debug_line    0x0000000000003810      0x120 /usr/lib/gcc/arm-none-eabi/7.3.1/../../../arm-none-eabi/lib/thumb/v7e-m/fpv4-sp/hard/libc_nano.a(lib_a-mlock.o)
 .debug_line    0x0000000000003930      0x136 /usr/lib/gcc/arm-none-eabi/7.3.1/../../../arm-none-eabi/lib/thumb/v7e-m/fpv4-sp/hard/libc_nano.a(lib_a-nano-msizer.o)
 .debug_line    0x0000000000003a66      0x15d /usr/lib/gcc/arm-none-eabi/7.3.1/../../../arm-none-eabi/lib/thumb/v7e-m/fpv4-sp/hard/libc_nano.a(lib_a-reent.o)
 .debug_line    0x0000000000003bc3      0x1cf /usr/lib/gcc/arm-none-eabi/7.3.1/../../../arm-none-eabi/lib/thumb/v7e-m/fpv4-sp/hard/libm.a(lib_a-sf_cos.o)
 .debug_line    0x0000000000003d92      0x1cf /usr/lib/gcc/arm-none-eabi/7.3.1/../../../arm-none-eabi/lib/thumb/v7e-m/fpv4-sp/hard/libm.a(lib_a-sf_sin.o)
 .debug_line    0x0000000000003f61      0x198 /usr/lib/gcc/arm-none-eabi/7.3.1/../../../arm-none-eabi/lib/thumb/v7e-m/fpv4-sp/hard/libm.a(lib_a-w_exp.o)
 .debug_line    0x00000000000040f9      0x211 /usr/lib/gcc/arm-none-eabi/7.3.1/../../../arm-none-eabi/lib/thumb/v7e-m/fpv4-sp/hard/libm.a(lib_a-e_exp.o)
 .debug_line    0x000000000000430a      0x247 /usr/lib/gcc/arm-none-eabi/7.3.1/../../../arm-none-eabi/lib/thumb/v7e-m/fpv4-sp/hard/libm.a(lib_a-ef_rem_pio2.o)
 .debug_line    0x0000000000004551      0x1c3 /usr/lib/gcc/arm-none-eabi/7.3.1/../../../arm-none-eabi/lib/thumb/v7e-m/fpv4-sp/hard/libm.a(lib_a-kf_cos.o)
 .debug_line    0x0000000000004714      0x379 /usr/lib/gcc/arm-none-eabi/7.3.1/../../../arm-none-eabi/lib/thumb/v7e-m/fpv4-sp/hard/libm.a(lib_a-kf_rem_pio2.o)
 .debug_line    0x0000000000004a8d      0x1b4 /usr/lib/gcc/arm-none-eabi/7.3.1/../../../arm-none-eabi/lib/thumb/v7e-m/fpv4-sp/hard/libm.a(lib_a-kf_sin.o)
 .debug_line    0x0000000000004c41      0x174 /usr/lib/gcc/arm-none-eabi/7.3.1/../../../arm-none-eabi/lib/thumb/v7e-m/fpv4-sp/hard/libm.a(lib_a-s_finite.o)
 .debug_line    0x0000000000004db5      0x112 /usr/lib/gcc/arm-none-eabi/7.3.1/../../../arm-none-eabi/lib/thumb/v7e-m/fpv4-sp/hard/libm.a(lib_a-s_lib_ver.o)
 .debug_line    0x0000000000004ec7      0x123 /usr/lib/gcc/arm-none-eabi/7.3.1/../../../arm-none-eabi/lib/thumb/v7e-m/fpv4-sp/hard/libm.a(lib_a-s_matherr.o)
 .debug_line    0x0000000000004fea      0x1a7 /usr/lib/gcc/arm-none-eabi/7.3.1/../../../arm-none-eabi/lib/thumb/v7e-m/fpv4-sp/hard/libm.a(lib_a-sf_fabs.o)
 .debug_line    0x0000000000005191      0x1fe /usr/lib/gcc/arm-none-eabi/7.3.1/../../../arm-none-eabi/lib/thumb/v7e-m/fpv4-sp/hard/libm.a(lib_a-sf_floor.o)
 .debug_line    0x000000000000538f      0x1a7 /usr/lib/gcc/arm-none-eabi/7.3.1/../../../arm-none-eabi/lib/thumb/v7e-m/fpv4-sp/hard/libm.a(lib_a-sf_scalbn.o)
 .debug_line    0x0000000000005536       0x61 /usr/lib/gcc/arm-none-eabi/7.3.1/../../../arm-none-eabi/lib/thumb/v7e-m/fpv4-sp/hard/libnosys.a(sbrk.o)
 .debug_line    0x0000000000005597      0x188 /usr/lib/gcc/arm-none-eabi/7.3.1/thumb/v7e-m/fpv4-sp/hard/libgcc.a(_arm_addsubdf3.o)
 .debug_line    0x000000000000571f      0x1a1 /usr/lib/gcc/arm-none-eabi/7.3.1/thumb/v7e-m/fpv4-sp/hard/libgcc.a(_arm_muldivdf3.o)
 .debug_line    0x00000000000058c0       0xc0 /usr/lib/gcc/arm-none-eabi/7.3.1/thumb/v7e-m/fpv4-sp/hard/libgcc.a(_arm_cmpdf2.o)
 .debug_line    0x0000000000005980       0x7c /usr/lib/gcc/arm-none-eabi/7.3.1/thumb/v7e-m/fpv4-sp/hard/libgcc.a(_arm_fixdfsi.o)
 .debug_line    0x00000000000059fc       0x90 /usr/lib/gcc/arm-none-eabi/7.3.1/thumb/v7e-m/fpv4-sp/hard/libgcc.a(_arm_truncdfsf2.o)
 .debug_line    0x0000000000005a8c       0x63 /usr/lib/gcc/arm-none-eabi/7.3.1/thumb/v7e-m/fpv4-sp/hard/libgcc.a(_aeabi_uldivmod.o)
 .debug_line    0x0000000000005aef      0x264 /usr/lib/gcc/arm-none-eabi/7.3.1/thumb/v7e-m/fpv4-sp/hard/libgcc.a(_udivmoddi4.o)
 .debug_line    0x0000000000005d53       0x63 /usr/lib/gcc/arm-none-eabi/7.3.1/thumb/v7e-m/fpv4-sp/hard/libgcc.a(_dvmd_tls.o)
 .debug_line    0x0000000000005db6       0xf5 /usr/lib/gcc/arm-none-eabi/7.3.1/../../../arm-none-eabi/lib/thumb/v7e-m/fpv4-sp/hard/libc_nano.a(lib_a-errno.o)

.debug_str      0x0000000000000000     0x4d4a
 .debug_str     0x0000000000000000      0xde7 build/main.o
                                        0xf16 (size before relaxing)
 .debug_str     0x0000000000000de7       0xaf build/stm32f4xx_it.o
                                        0x33c (size before relaxing)
 .debug_str     0x0000000000000e96       0x7b build/stm32f4xx_hal_msp.o
                                        0x8a3 (size before relaxing)
 .debug_str     0x0000000000000f11      0x5ad build/stm32f4xx_hal_uart.o
                                        0xd07 (size before relaxing)
 .debug_str     0x00000000000014be      0x1a0 build/stm32f4xx_hal_rcc.o
                                        0x7b6 (size before relaxing)
 .debug_str     0x000000000000165e      0x125 build/stm32f4xx_hal_gpio.o
                                        0x5d8 (size before relaxing)
 .debug_str     0x0000000000001783      0x876 build/stm32f4xx_hal_cortex.o
                                        0xb9e (size before relaxing)
 .debug_str     0x0000000000001ff9      0x21f build/stm32f4xx_hal.o
                                        0xa71 (size before relaxing)
 .debug_str     0x0000000000002218       0x42 build/system_stm32f4xx.o
                                        0x43c (size before relaxing)
 .debug_str     0x000000000000225a       0x25 build/startup_stm32f401xe.o
                                         0x71 (size before relaxing)
 .debug_str     0x000000000000227f      0x1e8 /usr/lib/gcc/arm-none-eabi/7.3.1/../../../arm-none-eabi/lib/thumb/v7e-m/fpv4-sp/hard/libc_nano.a(lib_a-impure.o)
                                        0x620 (size before relaxing)
 .debug_str     0x0000000000002467       0xf2 /usr/lib/gcc/arm-none-eabi/7.3.1/../../../arm-none-eabi/lib/thumb/v7e-m/fpv4-sp/hard/libc_nano.a(lib_a-init.o)
                                        0x267 (size before relaxing)
 .debug_str     0x0000000000002559      0x311 /usr/lib/gcc/arm-none-eabi/7.3.1/../../../arm-none-eabi/lib/thumb/v7e-m/fpv4-sp/hard/libc_nano.a(lib_a-memset.o)
                                        0x94d (size before relaxing)
 .debug_str     0x000000000000286a      0x1e7 /usr/lib/gcc/arm-none-eabi/7.3.1/../../../arm-none-eabi/lib/thumb/v7e-m/fpv4-sp/hard/libc_nano.a(lib_a-sprintf.o)
                                        0x79b (size before relaxing)
 .debug_str     0x0000000000002a51      0x185 /usr/lib/gcc/arm-none-eabi/7.3.1/../../../arm-none-eabi/lib/thumb/v7e-m/fpv4-sp/hard/libc_nano.a(lib_a-nano-svfprintf.o)
                                        0xc70 (size before relaxing)
 .debug_str     0x0000000000002bd6       0x97 /usr/lib/gcc/arm-none-eabi/7.3.1/../../../arm-none-eabi/lib/thumb/v7e-m/fpv4-sp/hard/libc_nano.a(lib_a-nano-vfprintf_i.o)
                                        0xc07 (size before relaxing)
 .debug_str     0x0000000000002c6d       0xad /usr/lib/gcc/arm-none-eabi/7.3.1/../../../arm-none-eabi/lib/thumb/v7e-m/fpv4-sp/hard/libc_nano.a(lib_a-memchr.o)
 .debug_str     0x0000000000002d1a       0x46 /usr/lib/gcc/arm-none-eabi/7.3.1/../../../arm-none-eabi/lib/thumb/v7e-m/fpv4-sp/hard/libc_nano.a(lib_a-memcpy.o)
                                         0xb4 (size before relaxing)
 .debug_str     0x0000000000002d60       0x69 /usr/lib/gcc/arm-none-eabi/7.3.1/../../../arm-none-eabi/lib/thumb/v7e-m/fpv4-sp/hard/libc_nano.a(lib_a-memmove.o)
                                        0x96c (size before relaxing)
 .debug_str     0x0000000000002dc9      0x17e /usr/lib/gcc/arm-none-eabi/7.3.1/../../../arm-none-eabi/lib/thumb/v7e-m/fpv4-sp/hard/libc_nano.a(lib_a-nano-freer.o)
                                        0x750 (size before relaxing)
 .debug_str     0x0000000000002f47       0x32 /usr/lib/gcc/arm-none-eabi/7.3.1/../../../arm-none-eabi/lib/thumb/v7e-m/fpv4-sp/hard/libc_nano.a(lib_a-nano-mallocr.o)
                                        0x767 (size before relaxing)
 .debug_str     0x0000000000002f79       0x23 /usr/lib/gcc/arm-none-eabi/7.3.1/../../../arm-none-eabi/lib/thumb/v7e-m/fpv4-sp/hard/libc_nano.a(lib_a-nano-reallocr.o)
                                        0x74d (size before relaxing)
 .debug_str     0x0000000000002f9c       0x4a /usr/lib/gcc/arm-none-eabi/7.3.1/../../../arm-none-eabi/lib/thumb/v7e-m/fpv4-sp/hard/libc_nano.a(lib_a-sbrkr.o)
                                        0x663 (size before relaxing)
 .debug_str     0x0000000000002fe6       0x4f /usr/lib/gcc/arm-none-eabi/7.3.1/../../../arm-none-eabi/lib/thumb/v7e-m/fpv4-sp/hard/libc_nano.a(lib_a-mlock.o)
                                        0x64c (size before relaxing)
 .debug_str     0x0000000000003035        0xf /usr/lib/gcc/arm-none-eabi/7.3.1/../../../arm-none-eabi/lib/thumb/v7e-m/fpv4-sp/hard/libc_nano.a(lib_a-nano-msizer.o)
                                        0x72b (size before relaxing)
 .debug_str     0x0000000000003044       0x61 /usr/lib/gcc/arm-none-eabi/7.3.1/../../../arm-none-eabi/lib/thumb/v7e-m/fpv4-sp/hard/libc_nano.a(lib_a-reent.o)
                                        0x65c (size before relaxing)
 .debug_str     0x00000000000030a5       0xd9 /usr/lib/gcc/arm-none-eabi/7.3.1/../../../arm-none-eabi/lib/thumb/v7e-m/fpv4-sp/hard/libm.a(lib_a-sf_cos.o)
                                        0x6a8 (size before relaxing)
 .debug_str     0x000000000000317e       0x35 /usr/lib/gcc/arm-none-eabi/7.3.1/../../../arm-none-eabi/lib/thumb/v7e-m/fpv4-sp/hard/libm.a(lib_a-sf_sin.o)
                                        0x6a8 (size before relaxing)
 .debug_str     0x00000000000031b3       0x8c /usr/lib/gcc/arm-none-eabi/7.3.1/../../../arm-none-eabi/lib/thumb/v7e-m/fpv4-sp/hard/libm.a(lib_a-w_exp.o)
                                        0x6b0 (size before relaxing)
 .debug_str     0x000000000000323f       0x86 /usr/lib/gcc/arm-none-eabi/7.3.1/../../../arm-none-eabi/lib/thumb/v7e-m/fpv4-sp/hard/libm.a(lib_a-e_exp.o)
                                        0x6ca (size before relaxing)
 .debug_str     0x00000000000032c5       0xb1 /usr/lib/gcc/arm-none-eabi/7.3.1/../../../arm-none-eabi/lib/thumb/v7e-m/fpv4-sp/hard/libm.a(lib_a-ef_rem_pio2.o)
                                        0x708 (size before relaxing)
 .debug_str     0x0000000000003376       0x35 /usr/lib/gcc/arm-none-eabi/7.3.1/../../../arm-none-eabi/lib/thumb/v7e-m/fpv4-sp/hard/libm.a(lib_a-kf_cos.o)
                                        0x686 (size before relaxing)
 .debug_str     0x00000000000033ab       0x72 /usr/lib/gcc/arm-none-eabi/7.3.1/../../../arm-none-eabi/lib/thumb/v7e-m/fpv4-sp/hard/libm.a(lib_a-kf_rem_pio2.o)
                                        0x6a1 (size before relaxing)
 .debug_str     0x000000000000341d       0x35 /usr/lib/gcc/arm-none-eabi/7.3.1/../../../arm-none-eabi/lib/thumb/v7e-m/fpv4-sp/hard/libm.a(lib_a-kf_sin.o)
                                        0x686 (size before relaxing)
 .debug_str     0x0000000000003452      0x16f /usr/lib/gcc/arm-none-eabi/7.3.1/../../../arm-none-eabi/lib/thumb/v7e-m/fpv4-sp/hard/libm.a(lib_a-s_finite.o)
                                        0x68f (size before relaxing)
 .debug_str     0x00000000000035c1       0x3a /usr/lib/gcc/arm-none-eabi/7.3.1/../../../arm-none-eabi/lib/thumb/v7e-m/fpv4-sp/hard/libm.a(lib_a-s_lib_ver.o)
                                        0x64c (size before relaxing)
 .debug_str     0x00000000000035fb       0x3a /usr/lib/gcc/arm-none-eabi/7.3.1/../../../arm-none-eabi/lib/thumb/v7e-m/fpv4-sp/hard/libm.a(lib_a-s_matherr.o)
                                        0x679 (size before relaxing)
 .debug_str     0x0000000000003635       0x36 /usr/lib/gcc/arm-none-eabi/7.3.1/../../../arm-none-eabi/lib/thumb/v7e-m/fpv4-sp/hard/libm.a(lib_a-sf_fabs.o)
                                        0x675 (size before relaxing)
 .debug_str     0x000000000000366b       0x9c /usr/lib/gcc/arm-none-eabi/7.3.1/../../../arm-none-eabi/lib/thumb/v7e-m/fpv4-sp/hard/libm.a(lib_a-sf_floor.o)
                                        0x697 (size before relaxing)
 .debug_str     0x0000000000003707       0x4c /usr/lib/gcc/arm-none-eabi/7.3.1/../../../arm-none-eabi/lib/thumb/v7e-m/fpv4-sp/hard/libm.a(lib_a-sf_scalbn.o)
                                        0x6ab (size before relaxing)
 .debug_str     0x0000000000003753      0x12a /usr/lib/gcc/arm-none-eabi/7.3.1/../../../arm-none-eabi/lib/thumb/v7e-m/fpv4-sp/hard/libnosys.a(sbrk.o)
                                        0x143 (size before relaxing)
 .debug_str     0x000000000000387d       0xa4 /usr/lib/gcc/arm-none-eabi/7.3.1/thumb/v7e-m/fpv4-sp/hard/libgcc.a(_arm_addsubdf3.o)
                                         0xb2 (size before relaxing)
 .debug_str     0x0000000000003921       0xb2 /usr/lib/gcc/arm-none-eabi/7.3.1/thumb/v7e-m/fpv4-sp/hard/libgcc.a(_arm_muldivdf3.o)
 .debug_str     0x0000000000003921       0xb2 /usr/lib/gcc/arm-none-eabi/7.3.1/thumb/v7e-m/fpv4-sp/hard/libgcc.a(_arm_cmpdf2.o)
 .debug_str     0x0000000000003921       0xb2 /usr/lib/gcc/arm-none-eabi/7.3.1/thumb/v7e-m/fpv4-sp/hard/libgcc.a(_arm_fixdfsi.o)
 .debug_str     0x0000000000003921       0xb2 /usr/lib/gcc/arm-none-eabi/7.3.1/thumb/v7e-m/fpv4-sp/hard/libgcc.a(_arm_truncdfsf2.o)
 .debug_str     0x0000000000003921       0x2f /usr/lib/gcc/arm-none-eabi/7.3.1/thumb/v7e-m/fpv4-sp/hard/libgcc.a(_aeabi_uldivmod.o)
                                         0xad (size before relaxing)
 .debug_str     0x0000000000003950     0x1338 /usr/lib/gcc/arm-none-eabi/7.3.1/thumb/v7e-m/fpv4-sp/hard/libgcc.a(_udivmoddi4.o)
                                       0x1447 (size before relaxing)
 .debug_str     0x0000000000004c88       0x33 /usr/lib/gcc/arm-none-eabi/7.3.1/thumb/v7e-m/fpv4-sp/hard/libgcc.a(_dvmd_tls.o)
                                         0xb1 (size before relaxing)
 .debug_str     0x0000000000004cbb       0x8f /usr/lib/gcc/arm-none-eabi/7.3.1/../../../arm-none-eabi/lib/thumb/v7e-m/fpv4-sp/hard/libc_nano.a(lib_a-errno.o)
                                        0x632 (size before relaxing)

.debug_frame    0x0000000000000000     0x16f8
 .debug_frame   0x0000000000000000       0xe8 build/main.o
 .debug_frame   0x00000000000000e8       0xac build/stm32f4xx_it.o
 .debug_frame   0x0000000000000194       0x68 build/stm32f4xx_hal_msp.o
 .debug_frame   0x00000000000001fc      0x584 build/stm32f4xx_hal_uart.o
 .debug_frame   0x0000000000000780      0x1c4 build/stm32f4xx_hal_rcc.o
 .debug_frame   0x0000000000000944       0xf0 build/stm32f4xx_hal_gpio.o
 .debug_frame   0x0000000000000a34      0x16c build/stm32f4xx_hal_cortex.o
 .debug_frame   0x0000000000000ba0      0x200 build/stm32f4xx_hal.o
 .debug_frame   0x0000000000000da0       0x30 build/system_stm32f4xx.o
 .debug_frame   0x0000000000000dd0       0x2c /usr/lib/gcc/arm-none-eabi/7.3.1/../../../arm-none-eabi/lib/thumb/v7e-m/fpv4-sp/hard/libc_nano.a(lib_a-init.o)
 .debug_frame   0x0000000000000dfc       0x38 /usr/lib/gcc/arm-none-eabi/7.3.1/../../../arm-none-eabi/lib/thumb/v7e-m/fpv4-sp/hard/libc_nano.a(lib_a-memset.o)
 .debug_frame   0x0000000000000e34       0x80 /usr/lib/gcc/arm-none-eabi/7.3.1/../../../arm-none-eabi/lib/thumb/v7e-m/fpv4-sp/hard/libc_nano.a(lib_a-sprintf.o)
 .debug_frame   0x0000000000000eb4       0x98 /usr/lib/gcc/arm-none-eabi/7.3.1/../../../arm-none-eabi/lib/thumb/v7e-m/fpv4-sp/hard/libc_nano.a(lib_a-nano-svfprintf.o)
 .debug_frame   0x0000000000000f4c       0x68 /usr/lib/gcc/arm-none-eabi/7.3.1/../../../arm-none-eabi/lib/thumb/v7e-m/fpv4-sp/hard/libc_nano.a(lib_a-nano-vfprintf_i.o)
 .debug_frame   0x0000000000000fb4       0x40 /usr/lib/gcc/arm-none-eabi/7.3.1/../../../arm-none-eabi/lib/thumb/v7e-m/fpv4-sp/hard/libc_nano.a(lib_a-memmove.o)
 .debug_frame   0x0000000000000ff4       0x54 /usr/lib/gcc/arm-none-eabi/7.3.1/../../../arm-none-eabi/lib/thumb/v7e-m/fpv4-sp/hard/libc_nano.a(lib_a-nano-freer.o)
 .debug_frame   0x0000000000001048       0x30 /usr/lib/gcc/arm-none-eabi/7.3.1/../../../arm-none-eabi/lib/thumb/v7e-m/fpv4-sp/hard/libc_nano.a(lib_a-nano-mallocr.o)
 .debug_frame   0x0000000000001078       0x48 /usr/lib/gcc/arm-none-eabi/7.3.1/../../../arm-none-eabi/lib/thumb/v7e-m/fpv4-sp/hard/libc_nano.a(lib_a-nano-reallocr.o)
 .debug_frame   0x00000000000010c0       0x2c /usr/lib/gcc/arm-none-eabi/7.3.1/../../../arm-none-eabi/lib/thumb/v7e-m/fpv4-sp/hard/libc_nano.a(lib_a-sbrkr.o)
 .debug_frame   0x00000000000010ec       0x30 /usr/lib/gcc/arm-none-eabi/7.3.1/../../../arm-none-eabi/lib/thumb/v7e-m/fpv4-sp/hard/libc_nano.a(lib_a-mlock.o)
 .debug_frame   0x000000000000111c       0x20 /usr/lib/gcc/arm-none-eabi/7.3.1/../../../arm-none-eabi/lib/thumb/v7e-m/fpv4-sp/hard/libc_nano.a(lib_a-nano-msizer.o)
 .debug_frame   0x000000000000113c       0x6c /usr/lib/gcc/arm-none-eabi/7.3.1/../../../arm-none-eabi/lib/thumb/v7e-m/fpv4-sp/hard/libc_nano.a(lib_a-reent.o)
 .debug_frame   0x00000000000011a8       0x34 /usr/lib/gcc/arm-none-eabi/7.3.1/../../../arm-none-eabi/lib/thumb/v7e-m/fpv4-sp/hard/libm.a(lib_a-sf_cos.o)
 .debug_frame   0x00000000000011dc       0x34 /usr/lib/gcc/arm-none-eabi/7.3.1/../../../arm-none-eabi/lib/thumb/v7e-m/fpv4-sp/hard/libm.a(lib_a-sf_sin.o)
 .debug_frame   0x0000000000001210       0x54 /usr/lib/gcc/arm-none-eabi/7.3.1/../../../arm-none-eabi/lib/thumb/v7e-m/fpv4-sp/hard/libm.a(lib_a-w_exp.o)
 .debug_frame   0x0000000000001264       0x5c /usr/lib/gcc/arm-none-eabi/7.3.1/../../../arm-none-eabi/lib/thumb/v7e-m/fpv4-sp/hard/libm.a(lib_a-e_exp.o)
 .debug_frame   0x00000000000012c0       0x3c /usr/lib/gcc/arm-none-eabi/7.3.1/../../../arm-none-eabi/lib/thumb/v7e-m/fpv4-sp/hard/libm.a(lib_a-ef_rem_pio2.o)